../Core/Src/Game.c:15:6:Main_menu	16	static
../Core/Src/Game.c:32:9:One_player_game	24	static
../Core/Src/Game.c:119:9:Two_player_game	24	static
../Core/Src/Game.c:186:6:User_col	40	static
../Core/Src/Game.c:265:6:Lose	32	static
../Core/Src/Game.c:364:6:Win	40	static
../Core/Src/Game.c:480:6:Tie	32	static
../Core/Src/Game.c:573:6:Print_insult_for_main_menu	16	static
../Core/Src/Game.c:592:9:Check_for_win	32	static
../Core/Src/Game.c:742:9:Drop_piece	24	static
../Core/Src/Game.c:751:13:check_if_middle_piece	16	static
../Core/Src/Game.c:758:13:check_if_top_piece	16	static
../Core/Src/Game.c:768:13:check_if_leftmost_piece	16	static
../Core/Src/Game.c:778:13:check_if_rightmost_piece	16	static
../Core/Src/Game.c:788:13:check_if_top_left_piece	16	static
../Core/Src/Game.c:798:13:check_if_top_right_piece	16	static
../Core/Src/Game.c:808:13:check_if_bottom_left_piece	16	static
../Core/Src/Game.c:818:13:check_if_bottom_right_piece	16	static
../Core/Src/Game.c:828:16:check_all	16	static
../Core/Src/Game.c:850:9:AI_col	24	static
../Core/Src/Game.c:1073:6:EXTI0_IRQHandler	8	static
