../Core/Src/Game.c:12:6:Main_menu	8	static
../Core/Src/Game.c:23:9:One_player_game	16	static
../Core/Src/Game.c:91:9:Two_player_game	4	static
../Core/Src/Game.c:98:6:User_col	40	static
../Core/Src/Game.c:164:6:Lose	32	static
../Core/Src/Game.c:209:6:Win	40	static
../Core/Src/Game.c:253:6:Print_insult_for_main_menu	16	static
../Core/Src/Game.c:272:9:Check_for_win	32	static
../Core/Src/Game.c:419:9:Drop_piece	24	static
../Core/Src/Game.c:428:13:check_if_middle_piece	16	static
../Core/Src/Game.c:435:13:check_if_top_piece	16	static
../Core/Src/Game.c:445:13:check_if_leftmost_piece	16	static
../Core/Src/Game.c:455:13:check_if_rightmost_piece	16	static
../Core/Src/Game.c:465:13:check_if_top_left_piece	16	static
../Core/Src/Game.c:475:13:check_if_top_right_piece	16	static
../Core/Src/Game.c:485:13:check_if_bottom_left_piece	16	static
../Core/Src/Game.c:495:13:check_if_bottom_right_piece	16	static
../Core/Src/Game.c:505:16:check_all	16	static
../Core/Src/Game.c:527:9:AI_col	24	static
../Core/Src/Game.c:677:6:EXTI0_IRQHandler	8	static
