Archive member included to satisfy reference by file (symbol)

C:/ST/STM32CubeIDE_1.17.0/STM32CubeIDE/plugins/com.st.stm32cube.ide.mcu.externaltools.gnu-tools-for-stm32.12.3.rel1.win32_1.1.0.202410251130/tools/bin/../lib/gcc/arm-none-eabi/12.3.1/../../../../arm-none-eabi/lib/thumb/v7e-m+fp/hard\libc_nano.a(libc_a-exit.o)
                              C:/ST/STM32CubeIDE_1.17.0/STM32CubeIDE/plugins/com.st.stm32cube.ide.mcu.externaltools.gnu-tools-for-stm32.12.3.rel1.win32_1.1.0.202410251130/tools/bin/../lib/gcc/arm-none-eabi/12.3.1/../../../../arm-none-eabi/lib/thumb/v7e-m+fp/hard/crt0.o (exit)
C:/ST/STM32CubeIDE_1.17.0/STM32CubeIDE/plugins/com.st.stm32cube.ide.mcu.externaltools.gnu-tools-for-stm32.12.3.rel1.win32_1.1.0.202410251130/tools/bin/../lib/gcc/arm-none-eabi/12.3.1/../../../../arm-none-eabi/lib/thumb/v7e-m+fp/hard\libc_nano.a(libc_a-findfp.o)
                              C:/ST/STM32CubeIDE_1.17.0/STM32CubeIDE/plugins/com.st.stm32cube.ide.mcu.externaltools.gnu-tools-for-stm32.12.3.rel1.win32_1.1.0.202410251130/tools/bin/../lib/gcc/arm-none-eabi/12.3.1/../../../../arm-none-eabi/lib/thumb/v7e-m+fp/hard\libc_nano.a(libc_a-exit.o) (__stdio_exit_handler)
C:/ST/STM32CubeIDE_1.17.0/STM32CubeIDE/plugins/com.st.stm32cube.ide.mcu.externaltools.gnu-tools-for-stm32.12.3.rel1.win32_1.1.0.202410251130/tools/bin/../lib/gcc/arm-none-eabi/12.3.1/../../../../arm-none-eabi/lib/thumb/v7e-m+fp/hard\libc_nano.a(libc_a-fwalk.o)
                              C:/ST/STM32CubeIDE_1.17.0/STM32CubeIDE/plugins/com.st.stm32cube.ide.mcu.externaltools.gnu-tools-for-stm32.12.3.rel1.win32_1.1.0.202410251130/tools/bin/../lib/gcc/arm-none-eabi/12.3.1/../../../../arm-none-eabi/lib/thumb/v7e-m+fp/hard\libc_nano.a(libc_a-findfp.o) (_fwalk_sglue)
C:/ST/STM32CubeIDE_1.17.0/STM32CubeIDE/plugins/com.st.stm32cube.ide.mcu.externaltools.gnu-tools-for-stm32.12.3.rel1.win32_1.1.0.202410251130/tools/bin/../lib/gcc/arm-none-eabi/12.3.1/../../../../arm-none-eabi/lib/thumb/v7e-m+fp/hard\libc_nano.a(libc_a-printf.o)
                              ./Core/Src/ApplicationCode.o (printf)
C:/ST/STM32CubeIDE_1.17.0/STM32CubeIDE/plugins/com.st.stm32cube.ide.mcu.externaltools.gnu-tools-for-stm32.12.3.rel1.win32_1.1.0.202410251130/tools/bin/../lib/gcc/arm-none-eabi/12.3.1/../../../../arm-none-eabi/lib/thumb/v7e-m+fp/hard\libc_nano.a(libc_a-puts.o)
                              ./Core/Src/ApplicationCode.o (puts)
C:/ST/STM32CubeIDE_1.17.0/STM32CubeIDE/plugins/com.st.stm32cube.ide.mcu.externaltools.gnu-tools-for-stm32.12.3.rel1.win32_1.1.0.202410251130/tools/bin/../lib/gcc/arm-none-eabi/12.3.1/../../../../arm-none-eabi/lib/thumb/v7e-m+fp/hard\libc_nano.a(libc_a-stdio.o)
                              C:/ST/STM32CubeIDE_1.17.0/STM32CubeIDE/plugins/com.st.stm32cube.ide.mcu.externaltools.gnu-tools-for-stm32.12.3.rel1.win32_1.1.0.202410251130/tools/bin/../lib/gcc/arm-none-eabi/12.3.1/../../../../arm-none-eabi/lib/thumb/v7e-m+fp/hard\libc_nano.a(libc_a-findfp.o) (__sread)
C:/ST/STM32CubeIDE_1.17.0/STM32CubeIDE/plugins/com.st.stm32cube.ide.mcu.externaltools.gnu-tools-for-stm32.12.3.rel1.win32_1.1.0.202410251130/tools/bin/../lib/gcc/arm-none-eabi/12.3.1/../../../../arm-none-eabi/lib/thumb/v7e-m+fp/hard\libc_nano.a(libc_a-wbuf.o)
                              C:/ST/STM32CubeIDE_1.17.0/STM32CubeIDE/plugins/com.st.stm32cube.ide.mcu.externaltools.gnu-tools-for-stm32.12.3.rel1.win32_1.1.0.202410251130/tools/bin/../lib/gcc/arm-none-eabi/12.3.1/../../../../arm-none-eabi/lib/thumb/v7e-m+fp/hard\libc_nano.a(libc_a-puts.o) (__swbuf_r)
C:/ST/STM32CubeIDE_1.17.0/STM32CubeIDE/plugins/com.st.stm32cube.ide.mcu.externaltools.gnu-tools-for-stm32.12.3.rel1.win32_1.1.0.202410251130/tools/bin/../lib/gcc/arm-none-eabi/12.3.1/../../../../arm-none-eabi/lib/thumb/v7e-m+fp/hard\libc_nano.a(libc_a-wsetup.o)
                              C:/ST/STM32CubeIDE_1.17.0/STM32CubeIDE/plugins/com.st.stm32cube.ide.mcu.externaltools.gnu-tools-for-stm32.12.3.rel1.win32_1.1.0.202410251130/tools/bin/../lib/gcc/arm-none-eabi/12.3.1/../../../../arm-none-eabi/lib/thumb/v7e-m+fp/hard\libc_nano.a(libc_a-puts.o) (__swsetup_r)
C:/ST/STM32CubeIDE_1.17.0/STM32CubeIDE/plugins/com.st.stm32cube.ide.mcu.externaltools.gnu-tools-for-stm32.12.3.rel1.win32_1.1.0.202410251130/tools/bin/../lib/gcc/arm-none-eabi/12.3.1/../../../../arm-none-eabi/lib/thumb/v7e-m+fp/hard\libc_nano.a(libc_a-memset.o)
                              C:/ST/STM32CubeIDE_1.17.0/STM32CubeIDE/plugins/com.st.stm32cube.ide.mcu.externaltools.gnu-tools-for-stm32.12.3.rel1.win32_1.1.0.202410251130/tools/bin/../lib/gcc/arm-none-eabi/12.3.1/../../../../arm-none-eabi/lib/thumb/v7e-m+fp/hard/crt0.o (memset)
C:/ST/STM32CubeIDE_1.17.0/STM32CubeIDE/plugins/com.st.stm32cube.ide.mcu.externaltools.gnu-tools-for-stm32.12.3.rel1.win32_1.1.0.202410251130/tools/bin/../lib/gcc/arm-none-eabi/12.3.1/../../../../arm-none-eabi/lib/thumb/v7e-m+fp/hard\libc_nano.a(libc_a-closer.o)
[...]
Memory Configuration

Name             Origin             Length             Attributes
CCMRAM           0x10000000         0x00010000         xrw
RAM              0x20000000         0x00030000         xrw
FLASH            0x08000000         0x00200000         xr
*default*        0x00000000         0xffffffff

Linker script and memory map

LOAD C:/ST/STM32CubeIDE_1.17.0/STM32CubeIDE/plugins/com.st.stm32cube.ide.mcu.externaltools.gnu-tools-for-stm32.12.3.rel1.win32_1.1.0.202410251130/tools/bin/../lib/gcc/arm-none-eabi/12.3.1/thumb/v7e-m+fp/hard/crti.o
LOAD C:/ST/STM32CubeIDE_1.17.0/STM32CubeIDE/plugins/com.st.stm32cube.ide.mcu.externaltools.gnu-tools-for-stm32.12.3.rel1.win32_1.1.0.202410251130/tools/bin/../lib/gcc/arm-none-eabi/12.3.1/thumb/v7e-m+fp/hard/crtbegin.o
LOAD C:/ST/STM32CubeIDE_1.17.0/STM32CubeIDE/plugins/com.st.stm32cube.ide.mcu.externaltools.gnu-tools-for-stm32.12.3.rel1.win32_1.1.0.202410251130/tools/bin/../lib/gcc/arm-none-eabi/12.3.1/../../../../arm-none-eabi/lib/thumb/v7e-m+fp/hard/crt0.o
LOAD ./Core/Src/ApplicationCode.o
LOAD ./Core/Src/Button_Driver.o
LOAD ./Core/Src/Game.o
LOAD ./Core/Src/LCD_Driver.o
LOAD ./Core/Src/fonts.o
LOAD ./Core/Src/ili9341.o
LOAD ./Core/Src/main.o
LOAD ./Core/Src/stm32f4xx_hal_msp.o
LOAD ./Core/Src/stm32f4xx_it.o
LOAD ./Core/Src/stmpe811.o
LOAD ./Core/Src/syscalls.o
LOAD ./Core/Src/sysmem.o
LOAD ./Core/Src/system_stm32f4xx.o
LOAD ./Core/Startup/startup_stm32f429zitx.o
LOAD ./Drivers/STM32F4xx_HAL_Driver/Src/stm32f4xx_hal.o
LOAD ./Drivers/STM32F4xx_HAL_Driver/Src/stm32f4xx_hal_cortex.o
LOAD ./Drivers/STM32F4xx_HAL_Driver/Src/stm32f4xx_hal_dma.o
LOAD ./Drivers/STM32F4xx_HAL_Driver/Src/stm32f4xx_hal_dma_ex.o
LOAD ./Drivers/STM32F4xx_HAL_Driver/Src/stm32f4xx_hal_dsi.o
LOAD ./Drivers/STM32F4xx_HAL_Driver/Src/stm32f4xx_hal_exti.o
LOAD ./Drivers/STM32F4xx_HAL_Driver/Src/stm32f4xx_hal_flash.o
LOAD ./Drivers/STM32F4xx_HAL_Driver/Src/stm32f4xx_hal_flash_ex.o
LOAD ./Drivers/STM32F4xx_HAL_Driver/Src/stm32f4xx_hal_flash_ramfunc.o
LOAD ./Drivers/STM32F4xx_HAL_Driver/Src/stm32f4xx_hal_gpio.o
LOAD ./Drivers/STM32F4xx_HAL_Driver/Src/stm32f4xx_hal_i2c.o
LOAD ./Drivers/STM32F4xx_HAL_Driver/Src/stm32f4xx_hal_i2c_ex.o
LOAD ./Drivers/STM32F4xx_HAL_Driver/Src/stm32f4xx_hal_ltdc.o
LOAD ./Drivers/STM32F4xx_HAL_Driver/Src/stm32f4xx_hal_ltdc_ex.o
LOAD ./Drivers/STM32F4xx_HAL_Driver/Src/stm32f4xx_hal_pwr.o
LOAD ./Drivers/STM32F4xx_HAL_Driver/Src/stm32f4xx_hal_pwr_ex.o
LOAD ./Drivers/STM32F4xx_HAL_Driver/Src/stm32f4xx_hal_rcc.o
LOAD ./Drivers/STM32F4xx_HAL_Driver/Src/stm32f4xx_hal_rcc_ex.o
LOAD ./Drivers/STM32F4xx_HAL_Driver/Src/stm32f4xx_hal_rng.o
LOAD ./Drivers/STM32F4xx_HAL_Driver/Src/stm32f4xx_hal_spi.o
LOAD ./Drivers/STM32F4xx_HAL_Driver/Src/stm32f4xx_hal_tim.o
LOAD ./Drivers/STM32F4xx_HAL_Driver/Src/stm32f4xx_hal_tim_ex.o
START GROUP
LOAD C:/ST/STM32CubeIDE_1.17.0/STM32CubeIDE/plugins/com.st.stm32cube.ide.mcu.externaltools.gnu-tools-for-stm32.12.3.rel1.win32_1.1.0.202410251130/tools/bin/../lib/gcc/arm-none-eabi/12.3.1/../../../../arm-none-eabi/lib/thumb/v7e-m+fp/hard\libc_nano.a
LOAD C:/ST/STM32CubeIDE_1.17.0/STM32CubeIDE/plugins/com.st.stm32cube.ide.mcu.externaltools.gnu-tools-for-stm32.12.3.rel1.win32_1.1.0.202410251130/tools/bin/../lib/gcc/arm-none-eabi/12.3.1/../../../../arm-none-eabi/lib/thumb/v7e-m+fp/hard\libm.a
END GROUP
START GROUP
LOAD C:/ST/STM32CubeIDE_1.17.0/STM32CubeIDE/plugins/com.st.stm32cube.ide.mcu.externaltools.gnu-tools-for-stm32.12.3.rel1.win32_1.1.0.202410251130/tools/bin/../lib/gcc/arm-none-eabi/12.3.1/thumb/v7e-m+fp/hard\libgcc.a
LOAD C:/ST/STM32CubeIDE_1.17.0/STM32CubeIDE/plugins/com.st.stm32cube.ide.mcu.externaltools.gnu-tools-for-stm32.12.3.rel1.win32_1.1.0.202410251130/tools/bin/../lib/gcc/arm-none-eabi/12.3.1/../../../../arm-none-eabi/lib/thumb/v7e-m+fp/hard\libc_nano.a
END GROUP
START GROUP
LOAD C:/ST/STM32CubeIDE_1.17.0/STM32CubeIDE/plugins/com.st.stm32cube.ide.mcu.externaltools.gnu-tools-for-stm32.12.3.rel1.win32_1.1.0.202410251130/tools/bin/../lib/gcc/arm-none-eabi/12.3.1/thumb/v7e-m+fp/hard\libgcc.a
LOAD C:/ST/STM32CubeIDE_1.17.0/STM32CubeIDE/plugins/com.st.stm32cube.ide.mcu.externaltools.gnu-tools-for-stm32.12.3.rel1.win32_1.1.0.202410251130/tools/bin/../lib/gcc/arm-none-eabi/12.3.1/../../../../arm-none-eabi/lib/thumb/v7e-m+fp/hard\libc_nano.a
LOAD C:/ST/STM32CubeIDE_1.17.0/STM32CubeIDE/plugins/com.st.stm32cube.ide.mcu.externaltools.gnu-tools-for-stm32.12.3.rel1.win32_1.1.0.202410251130/tools/bin/../lib/gcc/arm-none-eabi/12.3.1/../../../../arm-none-eabi/lib/thumb/v7e-m+fp/hard\libnosys.a
END GROUP
START GROUP
LOAD C:/ST/STM32CubeIDE_1.17.0/STM32CubeIDE/plugins/com.st.stm32cube.ide.mcu.externaltools.gnu-tools-for-stm32.12.3.rel1.win32_1.1.0.202410251130/tools/bin/../lib/gcc/arm-none-eabi/12.3.1/thumb/v7e-m+fp/hard\libgcc.a
LOAD C:/ST/STM32CubeIDE_1.17.0/STM32CubeIDE/plugins/com.st.stm32cube.ide.mcu.externaltools.gnu-tools-for-stm32.12.3.rel1.win32_1.1.0.202410251130/tools/bin/../lib/gcc/arm-none-eabi/12.3.1/../../../../arm-none-eabi/lib/thumb/v7e-m+fp/hard\libc_nano.a
LOAD C:/ST/STM32CubeIDE_1.17.0/STM32CubeIDE/plugins/com.st.stm32cube.ide.mcu.externaltools.gnu-tools-for-stm32.12.3.rel1.win32_1.1.0.202410251130/tools/bin/../lib/gcc/arm-none-eabi/12.3.1/../../../../arm-none-eabi/lib/thumb/v7e-m+fp/hard\libnosys.a
END GROUP
LOAD C:/ST/STM32CubeIDE_1.17.0/STM32CubeIDE/plugins/com.st.stm32cube.ide.mcu.externaltools.gnu-tools-for-stm32.12.3.rel1.win32_1.1.0.202410251130/tools/bin/../lib/gcc/arm-none-eabi/12.3.1/thumb/v7e-m+fp/hard/crtend.o
LOAD C:/ST/STM32CubeIDE_1.17.0/STM32CubeIDE/plugins/com.st.stm32cube.ide.mcu.externaltools.gnu-tools-for-stm32.12.3.rel1.win32_1.1.0.202410251130/tools/bin/../lib/gcc/arm-none-eabi/12.3.1/thumb/v7e-m+fp/hard/crtn.o
                0x20030000                        _estack = (ORIGIN (RAM) + LENGTH (RAM))
                0x00000200                        _Min_Heap_Size = 0x200
                0x00000400                        _Min_Stack_Size = 0x400

.isr_vector     0x08000000      0x1ac
                0x08000000                        . = ALIGN (0x4)
 *(.isr_vector)
 .isr_vector    0x08000000      0x1ac ./Core/Startup/startup_stm32f429zitx.o
                0x08000000                g_pfnVectors
                0x080001ac                        . = ALIGN (0x4)

.text           0x080001b0     0x9388
                0x080001b0                        . = ALIGN (0x4)
 *(.text)
 .text          0x080001b0       0x40 C:/ST/STM32CubeIDE_1.17.0/STM32CubeIDE/plugins/com.st.stm32cube.ide.mcu.externaltools.gnu-tools-for-stm32.12.3.rel1.win32_1.1.0.202410251130/tools/bin/../lib/gcc/arm-none-eabi/12.3.1/thumb/v7e-m+fp/hard/crtbegin.o
 .text          0x080001f0       0xa0 C:/ST/STM32CubeIDE_1.17.0/STM32CubeIDE/plugins/com.st.stm32cube.ide.mcu.externaltools.gnu-tools-for-stm32.12.3.rel1.win32_1.1.0.202410251130/tools/bin/../lib/gcc/arm-none-eabi/12.3.1/../../../../arm-none-eabi/lib/thumb/v7e-m+fp/hard\libc_nano.a(libc_a-memchr.o)
                0x080001f0                memchr
 .text          0x08000290       0x30 C:/ST/STM32CubeIDE_1.17.0/STM32CubeIDE/plugins/com.st.stm32cube.ide.mcu.externaltools.gnu-tools-for-stm32.12.3.rel1.win32_1.1.0.202410251130/tools/bin/../lib/gcc/arm-none-eabi/12.3.1/thumb/v7e-m+fp/hard\libgcc.a(_aeabi_uldivmod.o)
                0x08000290                __aeabi_uldivmod
 .text          0x080002c0      0x2bc C:/ST/STM32CubeIDE_1.17.0/STM32CubeIDE/plugins/com.st.stm32cube.ide.mcu.externaltools.gnu-tools-for-stm32.12.3.rel1.win32_1.1.0.202410251130/tools/bin/../lib/gcc/arm-none-eabi/12.3.1/thumb/v7e-m+fp/hard\libgcc.a(_udivmoddi4.o)
                0x080002c0                __udivmoddi4
 .text          0x0800057c        0x4 C:/ST/STM32CubeIDE_1.17.0/STM32CubeIDE/plugins/com.st.stm32cube.ide.mcu.externaltools.gnu-tools-for-stm32.12.3.rel1.win32_1.1.0.202410251130/tools/bin/../lib/gcc/arm-none-eabi/12.3.1/thumb/v7e-m+fp/hard\libgcc.a(_dvmd_tls.o)
                0x0800057c                __aeabi_idiv0
                0x0800057c                __aeabi_ldiv0
 *(.text*)
 .text.ApplicationInit
                0x08000580       0x34 ./Core/Src/ApplicationCode.o
                0x08000580                ApplicationInit
 .text.Start_Game
                0x080005b4       0xd8 ./Core/Src/ApplicationCode.o
                0x080005b4                Start_Game
 .text.User_Button_Init
                0x0800068c       0x54 ./Core/Src/Button_Driver.o
                0x0800068c                User_Button_Init
 .text.Main_menu
                0x080006e0       0x58 ./Core/Src/Game.o
                0x080006e0                Main_menu
 .text.One_player_game
                0x08000738      0x270 ./Core/Src/Game.o
                0x08000738                One_player_game
 .text.Two_player_game
                0x080009a8      0x188 ./Core/Src/Game.o
                0x080009a8                Two_player_game
 .text.User_col
                0x08000b30      0x3e0 ./Core/Src/Game.o
                0x08000b30                User_col
 .text.Lose     0x08000f10      0x398 ./Core/Src/Game.o
                0x08000f10                Lose
 .text.Win      0x080012a8      0x41c ./Core/Src/Game.o
                0x080012a8                Win
 .text.Tie      0x080016c4      0x370 ./Core/Src/Game.o
                0x080016c4                Tie
 .text.Check_for_win
                0x08001a34      0x318 ./Core/Src/Game.o
                0x08001a34                Check_for_win
 .text.Drop_piece
                0x08001d4c       0x48 ./Core/Src/Game.o
                0x08001d4c                Drop_piece
 .text.check_if_middle_piece
                0x08001d94       0x78 ./Core/Src/Game.o
 .text.check_if_top_piece
                0x08001e0c       0x84 ./Core/Src/Game.o
 .text.check_if_leftmost_piece
                0x08001e90       0x84 ./Core/Src/Game.o
 .text.check_if_rightmost_piece
                0x08001f14       0x84 ./Core/Src/Game.o
 .text.check_if_top_left_piece
                0x08001f98       0x8c ./Core/Src/Game.o
 .text.check_if_top_right_piece
                0x08002024       0x8c ./Core/Src/Game.o
 .text.check_if_bottom_left_piece
                0x080020b0       0x8c ./Core/Src/Game.o
 .text.check_if_bottom_right_piece
                0x0800213c       0x8c ./Core/Src/Game.o
 .text.check_all
                0x080021c8       0xca ./Core/Src/Game.o
 *fill*         0x08002292        0x2 
 .text.AI_col   0x08002294      0x778 ./Core/Src/Game.o
                0x08002294                AI_col
 .text.EXTI0_IRQHandler
                0x08002a0c       0x40 ./Core/Src/Game.o
                0x08002a0c                EXTI0_IRQHandler
 .text.LCD_GPIO_Init
                0x08002a4c      0x190 ./Core/Src/LCD_Driver.o
                0x08002a4c                LCD_GPIO_Init
 .text.LTCD_Layer_Init
                0x08002bdc       0x80 ./Core/Src/LCD_Driver.o
                0x08002bdc                LTCD_Layer_Init
 .text.LTCD__Init
                0x08002c5c       0xbc ./Core/Src/LCD_Driver.o
                0x08002c5c                LTCD__Init
 .text.LCD_Draw_Pixel
                0x08002d18       0x3c ./Core/Src/LCD_Driver.o
                0x08002d18                LCD_Draw_Pixel
 .text.LCD_Draw_Circle_Fill
                0x08002d54       0xa6 ./Core/Src/LCD_Driver.o
                0x08002d54                LCD_Draw_Circle_Fill
 .text.LCD_Draw_Square_Fill
                0x08002dfa       0x5c ./Core/Src/LCD_Driver.o
                0x08002dfa                LCD_Draw_Square_Fill
 .text.LCD_Draw_Vertical_Line
                0x08002e56       0x4e ./Core/Src/LCD_Driver.o
                0x08002e56                LCD_Draw_Vertical_Line
 .text.LCD_Draw_Horizontal_Line
                0x08002ea4       0x4e ./Core/Src/LCD_Driver.o
                0x08002ea4                LCD_Draw_Horizontal_Line
 *fill*         0x08002ef2        0x2 
 .text.LCD_Clear
                0x08002ef4       0x44 ./Core/Src/LCD_Driver.o
                0x08002ef4                LCD_Clear
 .text.LCD_SetTextColor
                0x08002f38       0x20 ./Core/Src/LCD_Driver.o
                0x08002f38                LCD_SetTextColor
 .text.LCD_SetFont
                0x08002f58       0x20 ./Core/Src/LCD_Driver.o
                0x08002f58                LCD_SetFont
 .text.LCD_Draw_Char
                0x08002f78       0xdc ./Core/Src/LCD_Driver.o
                0x08002f78                LCD_Draw_Char
 .text.LCD_Draw_Char_Sideways
                0x08003054       0xdc ./Core/Src/LCD_Driver.o
                0x08003054                LCD_Draw_Char_Sideways
 .text.LCD_DisplayChar
                0x08003130       0x44 ./Core/Src/LCD_Driver.o
                0x08003130                LCD_DisplayChar
 .text.LCD_DisplayCharSideways
                0x08003174       0x44 ./Core/Src/LCD_Driver.o
                0x08003174                LCD_DisplayCharSideways
 .text.LCD_Main_menu
                0x080031b8      0x14c ./Core/Src/LCD_Driver.o
                0x080031b8                LCD_Main_menu
 .text.LCD_Error_Handler
                0x08003304        0xc ./Core/Src/LCD_Driver.o
                0x08003304                LCD_Error_Handler
 .text.InitializeLCDTouch
                0x08003310       0x16 ./Core/Src/LCD_Driver.o
                0x08003310                InitializeLCDTouch
 .text.returnTouchStateAndLocation
                0x08003326       0x18 ./Core/Src/LCD_Driver.o
                0x08003326                returnTouchStateAndLocation
 .text.ili9341_Init
                0x0800333e      0x294 ./Core/Src/ili9341.o
                0x0800333e                ili9341_Init
 .text.ili9341_Write_Reg
                0x080035d2       0x1a ./Core/Src/ili9341.o
                0x080035d2                ili9341_Write_Reg
 .text.ili9341_Send_Data
                0x080035ec       0x1a ./Core/Src/ili9341.o
                0x080035ec                ili9341_Send_Data
 *fill*         0x08003606        0x2 
 .text.SPI_Init
                0x08003608       0x74 ./Core/Src/ili9341.o
 .text.SPI_Write
                0x0800367c       0x3c ./Core/Src/ili9341.o
 .text.SPI_Error
                0x080036b8       0x18 ./Core/Src/ili9341.o
 .text.SPI_MspInit
                0x080036d0       0x74 ./Core/Src/ili9341.o
 .text.LCD_IO_Init
                0x08003744       0xf0 ./Core/Src/ili9341.o
                0x08003744                LCD_IO_Init
 .text.LCD_IO_WriteData
                0x08003834       0x44 ./Core/Src/ili9341.o
                0x08003834                LCD_IO_WriteData
 .text.LCD_IO_WriteReg
                0x08003878       0x44 ./Core/Src/ili9341.o
                0x08003878                LCD_IO_WriteReg
 .text.LCD_Delay
                0x080038bc       0x16 ./Core/Src/ili9341.o
                0x080038bc                LCD_Delay
 .text.main     0x080038d2       0x34 ./Core/Src/main.o
                0x080038d2                main
 *fill*         0x08003906        0x2 
 .text.SystemClock_Config
                0x08003908       0xd4 ./Core/Src/main.o
                0x08003908                SystemClock_Config
 .text.MX_I2C3_Init
                0x080039dc       0x80 ./Core/Src/main.o
 .text.MX_LTDC_Init
                0x08003a5c      0x164 ./Core/Src/main.o
 .text.MX_RNG_Init
                0x08003bc0       0x28 ./Core/Src/main.o
 .text.MX_SPI5_Init
                0x08003be8       0x6c ./Core/Src/main.o
 .text.MX_TIM2_Init
                0x08003c54       0x98 ./Core/Src/main.o
 .text.MX_GPIO_Init
                0x08003cec      0x35c ./Core/Src/main.o
 .text.Error_Handler
                0x08004048        0xc ./Core/Src/main.o
                0x08004048                Error_Handler
 .text.HAL_MspInit
                0x08004054       0x50 ./Core/Src/stm32f4xx_hal_msp.o
                0x08004054                HAL_MspInit
 .text.HAL_I2C_MspInit
                0x080040a4       0xd4 ./Core/Src/stm32f4xx_hal_msp.o
                0x080040a4                HAL_I2C_MspInit
 .text.HAL_LTDC_MspInit
                0x08004178      0x250 ./Core/Src/stm32f4xx_hal_msp.o
                0x08004178                HAL_LTDC_MspInit
 .text.HAL_RNG_MspInit
                0x080043c8       0x44 ./Core/Src/stm32f4xx_hal_msp.o
                0x080043c8                HAL_RNG_MspInit
 .text.HAL_SPI_MspInit
                0x0800440c       0x90 ./Core/Src/stm32f4xx_hal_msp.o
                0x0800440c                HAL_SPI_MspInit
 .text.HAL_SPI_MspDeInit
                0x0800449c       0x3c ./Core/Src/stm32f4xx_hal_msp.o
                0x0800449c                HAL_SPI_MspDeInit
 .text.HAL_TIM_Base_MspInit
                0x080044d8       0x40 ./Core/Src/stm32f4xx_hal_msp.o
                0x080044d8                HAL_TIM_Base_MspInit
 .text.NMI_Handler
                0x08004518        0x8 ./Core/Src/stm32f4xx_it.o
                0x08004518                NMI_Handler
 .text.HardFault_Handler
                0x08004520        0x8 ./Core/Src/stm32f4xx_it.o
                0x08004520                HardFault_Handler
 .text.MemManage_Handler
                0x08004528        0x8 ./Core/Src/stm32f4xx_it.o
                0x08004528                MemManage_Handler
 .text.BusFault_Handler
                0x08004530        0x8 ./Core/Src/stm32f4xx_it.o
                0x08004530                BusFault_Handler
 .text.UsageFault_Handler
                0x08004538        0x8 ./Core/Src/stm32f4xx_it.o
                0x08004538                UsageFault_Handler
 .text.SVC_Handler
                0x08004540        0xe ./Core/Src/stm32f4xx_it.o
                0x08004540                SVC_Handler
 .text.DebugMon_Handler
                0x0800454e        0xe ./Core/Src/stm32f4xx_it.o
                0x0800454e                DebugMon_Handler
 .text.PendSV_Handler
                0x0800455c        0xe ./Core/Src/stm32f4xx_it.o
                0x0800455c                PendSV_Handler
 .text.SysTick_Handler
                0x0800456a        0xc ./Core/Src/stm32f4xx_it.o
                0x0800456a                SysTick_Handler
 .text.STMPE811_Init
                0x08004576      0x14e ./Core/Src/stmpe811.o
                0x08004576                STMPE811_Init
 .text.STMPE811_Read
                0x080046c4       0x22 ./Core/Src/stmpe811.o
                0x080046c4                STMPE811_Read
 .text.STMPE811_ReadTouch
                0x080046e6      0x198 ./Core/Src/stmpe811.o
                0x080046e6                STMPE811_ReadTouch
 *fill*         0x0800487e        0x2 
 .text.verifyHAL_I2C_IS_OKAY
                0x08004880       0x20 ./Core/Src/stmpe811.o
                0x08004880                verifyHAL_I2C_IS_OKAY
 .text.I2C3_Init
                0x080048a0       0x7c ./Core/Src/stmpe811.o
 .text.I2C3_MspInit
                0x0800491c       0xa8 ./Core/Src/stmpe811.o
 .text.I2C3_Write
                0x080049c4       0x54 ./Core/Src/stmpe811.o
                0x080049c4                I2C3_Write
 .text.I2C3_Read
                0x08004a18       0x4c ./Core/Src/stmpe811.o
                0x08004a18                I2C3_Read
 .text.I2C3_MulitByteRead
                0x08004a64       0x44 ./Core/Src/stmpe811.o
                0x08004a64                I2C3_MulitByteRead
 .text.TM_STMPE811_ReadX
                0x08004aa8       0xbc ./Core/Src/stmpe811.o
                0x08004aa8                TM_STMPE811_ReadX
 .text.TM_STMPE811_ReadY
                0x08004b64       0xa4 ./Core/Src/stmpe811.o
                0x08004b64                TM_STMPE811_ReadY
 .text.initialise_monitor_handles
                0x08004c08        0xe ./Core/Src/syscalls.o
                0x08004c08                initialise_monitor_handles
 .text._read    0x08004c16       0x3a ./Core/Src/syscalls.o
                0x08004c16                _read
 .text._write   0x08004c50       0x38 ./Core/Src/syscalls.o
                0x08004c50                _write
 .text._close   0x08004c88       0x18 ./Core/Src/syscalls.o
                0x08004c88                _close
 .text._fstat   0x08004ca0       0x20 ./Core/Src/syscalls.o
                0x08004ca0                _fstat
 .text._isatty  0x08004cc0       0x16 ./Core/Src/syscalls.o
                0x08004cc0                _isatty
 .text._lseek   0x08004cd6       0x1a ./Core/Src/syscalls.o
                0x08004cd6                _lseek
 .text._sbrk    0x08004cf0       0x6c ./Core/Src/sysmem.o
                0x08004cf0                _sbrk
 .text.SystemInit
                0x08004d5c       0x24 ./Core/Src/system_stm32f4xx.o
                0x08004d5c                SystemInit
 .text.Reset_Handler
                0x08004d80       0x50 ./Core/Startup/startup_stm32f429zitx.o
                0x08004d80                Reset_Handler
 .text.Default_Handler
                0x08004dd0        0x2 ./Core/Startup/startup_stm32f429zitx.o
                0x08004dd0                RTC_Alarm_IRQHandler
                0x08004dd0                HASH_RNG_IRQHandler
                0x08004dd0                EXTI2_IRQHandler
                0x08004dd0                TIM8_CC_IRQHandler
                0x08004dd0                UART8_IRQHandler
                0x08004dd0                SPI4_IRQHandler
                0x08004dd0                TIM1_CC_IRQHandler
                0x08004dd0                DMA2_Stream5_IRQHandler
                0x08004dd0                DMA1_Stream5_IRQHandler
                0x08004dd0                PVD_IRQHandler
                0x08004dd0                SDIO_IRQHandler
                0x08004dd0                TAMP_STAMP_IRQHandler
                0x08004dd0                CAN2_RX1_IRQHandler
                0x08004dd0                EXTI3_IRQHandler
                0x08004dd0                TIM8_TRG_COM_TIM14_IRQHandler
                0x08004dd0                TIM1_UP_TIM10_IRQHandler
                0x08004dd0                TIM8_UP_TIM13_IRQHandler
                0x08004dd0                I2C3_ER_IRQHandler
                0x08004dd0                I2C2_EV_IRQHandler
                0x08004dd0                DMA1_Stream2_IRQHandler
                0x08004dd0                CAN1_RX0_IRQHandler
                0x08004dd0                FPU_IRQHandler
                0x08004dd0                OTG_HS_WKUP_IRQHandler
                0x08004dd0                LTDC_ER_IRQHandler
                0x08004dd0                CAN2_SCE_IRQHandler
                0x08004dd0                DMA2_Stream2_IRQHandler
                0x08004dd0                SPI1_IRQHandler
                0x08004dd0                TIM6_DAC_IRQHandler
                0x08004dd0                TIM1_BRK_TIM9_IRQHandler
                0x08004dd0                DCMI_IRQHandler
                0x08004dd0                CAN2_RX0_IRQHandler
                0x08004dd0                DMA2_Stream3_IRQHandler
                0x08004dd0                USART6_IRQHandler
                0x08004dd0                USART3_IRQHandler
                0x08004dd0                CAN1_RX1_IRQHandler
                0x08004dd0                UART5_IRQHandler
                0x08004dd0                DMA2_Stream0_IRQHandler
                0x08004dd0                TIM4_IRQHandler
                0x08004dd0                I2C1_EV_IRQHandler
                0x08004dd0                DMA1_Stream6_IRQHandler
                0x08004dd0                DMA1_Stream1_IRQHandler
                0x08004dd0                UART4_IRQHandler
                0x08004dd0                TIM3_IRQHandler
                0x08004dd0                RCC_IRQHandler
                0x08004dd0                TIM8_BRK_TIM12_IRQHandler
                0x08004dd0                Default_Handler
                0x08004dd0                EXTI15_10_IRQHandler
                0x08004dd0                ADC_IRQHandler
                0x08004dd0                DMA1_Stream7_IRQHandler
                0x08004dd0                SPI5_IRQHandler
                0x08004dd0                TIM7_IRQHandler
                0x08004dd0                CAN2_TX_IRQHandler
                0x08004dd0                TIM5_IRQHandler
                0x08004dd0                DMA2_Stream7_IRQHandler
                0x08004dd0                I2C3_EV_IRQHandler
                0x08004dd0                EXTI9_5_IRQHandler
                0x08004dd0                RTC_WKUP_IRQHandler
                0x08004dd0                LTDC_IRQHandler
                0x08004dd0                ETH_WKUP_IRQHandler
                0x08004dd0                SPI2_IRQHandler
                0x08004dd0                OTG_HS_EP1_IN_IRQHandler
                0x08004dd0                DMA1_Stream0_IRQHandler
                0x08004dd0                CAN1_TX_IRQHandler
                0x08004dd0                EXTI4_IRQHandler
                0x08004dd0                ETH_IRQHandler
                0x08004dd0                OTG_HS_EP1_OUT_IRQHandler
                0x08004dd0                WWDG_IRQHandler
                0x08004dd0                SPI6_IRQHandler
                0x08004dd0                TIM2_IRQHandler
                0x08004dd0                OTG_FS_WKUP_IRQHandler
                0x08004dd0                TIM1_TRG_COM_TIM11_IRQHandler
                0x08004dd0                OTG_HS_IRQHandler
                0x08004dd0                DMA2D_IRQHandler
                0x08004dd0                EXTI1_IRQHandler
                0x08004dd0                UART7_IRQHandler
                0x08004dd0                USART2_IRQHandler
                0x08004dd0                I2C2_ER_IRQHandler
                0x08004dd0                DMA2_Stream1_IRQHandler
                0x08004dd0                CAN1_SCE_IRQHandler
                0x08004dd0                FLASH_IRQHandler
                0x08004dd0                DMA2_Stream4_IRQHandler
                0x08004dd0                USART1_IRQHandler
                0x08004dd0                OTG_FS_IRQHandler
                0x08004dd0                SPI3_IRQHandler
                0x08004dd0                DMA1_Stream4_IRQHandler
                0x08004dd0                I2C1_ER_IRQHandler
                0x08004dd0                FMC_IRQHandler
                0x08004dd0                DMA2_Stream6_IRQHandler
                0x08004dd0                SAI1_IRQHandler
                0x08004dd0                DMA1_Stream3_IRQHandler
 *fill*         0x08004dd2        0x2 
 .text.HAL_Init
                0x08004dd4       0x44 ./Drivers/STM32F4xx_HAL_Driver/Src/stm32f4xx_hal.o
                0x08004dd4                HAL_Init
 .text.HAL_InitTick
                0x08004e18       0x60 ./Drivers/STM32F4xx_HAL_Driver/Src/stm32f4xx_hal.o
                0x08004e18                HAL_InitTick
 .text.HAL_IncTick
                0x08004e78       0x28 ./Drivers/STM32F4xx_HAL_Driver/Src/stm32f4xx_hal.o
                0x08004e78                HAL_IncTick
 .text.HAL_GetTick
                0x08004ea0       0x18 ./Drivers/STM32F4xx_HAL_Driver/Src/stm32f4xx_hal.o
                0x08004ea0                HAL_GetTick
 .text.HAL_Delay
                0x08004eb8       0x48 ./Drivers/STM32F4xx_HAL_Driver/Src/stm32f4xx_hal.o
                0x08004eb8                HAL_Delay
 .text.__NVIC_SetPriorityGrouping
                0x08004f00       0x48 ./Drivers/STM32F4xx_HAL_Driver/Src/stm32f4xx_hal_cortex.o
 .text.__NVIC_GetPriorityGrouping
                0x08004f48       0x1c ./Drivers/STM32F4xx_HAL_Driver/Src/stm32f4xx_hal_cortex.o
 .text.__NVIC_EnableIRQ
                0x08004f64       0x3c ./Drivers/STM32F4xx_HAL_Driver/Src/stm32f4xx_hal_cortex.o
 .text.__NVIC_DisableIRQ
                0x08004fa0       0x48 ./Drivers/STM32F4xx_HAL_Driver/Src/stm32f4xx_hal_cortex.o
 .text.__NVIC_SetPriority
                0x08004fe8       0x54 ./Drivers/STM32F4xx_HAL_Driver/Src/stm32f4xx_hal_cortex.o
 .text.NVIC_EncodePriority
                0x0800503c       0x66 ./Drivers/STM32F4xx_HAL_Driver/Src/stm32f4xx_hal_cortex.o
 *fill*         0x080050a2        0x2 
 .text.SysTick_Config
                0x080050a4       0x44 ./Drivers/STM32F4xx_HAL_Driver/Src/stm32f4xx_hal_cortex.o
 .text.HAL_NVIC_SetPriorityGrouping
                0x080050e8       0x16 ./Drivers/STM32F4xx_HAL_Driver/Src/stm32f4xx_hal_cortex.o
                0x080050e8                HAL_NVIC_SetPriorityGrouping
 .text.HAL_NVIC_SetPriority
                0x080050fe       0x38 ./Drivers/STM32F4xx_HAL_Driver/Src/stm32f4xx_hal_cortex.o
                0x080050fe                HAL_NVIC_SetPriority
 .text.HAL_NVIC_EnableIRQ
                0x08005136       0x1c ./Drivers/STM32F4xx_HAL_Driver/Src/stm32f4xx_hal_cortex.o
                0x08005136                HAL_NVIC_EnableIRQ
 .text.HAL_NVIC_DisableIRQ
                0x08005152       0x1c ./Drivers/STM32F4xx_HAL_Driver/Src/stm32f4xx_hal_cortex.o
                0x08005152                HAL_NVIC_DisableIRQ
 .text.HAL_SYSTICK_Config
                0x0800516e       0x18 ./Drivers/STM32F4xx_HAL_Driver/Src/stm32f4xx_hal_cortex.o
                0x0800516e                HAL_SYSTICK_Config
 *fill*         0x08005186        0x2 
 .text.HAL_GPIO_Init
                0x08005188      0x358 ./Drivers/STM32F4xx_HAL_Driver/Src/stm32f4xx_hal_gpio.o
                0x08005188                HAL_GPIO_Init
 .text.HAL_GPIO_DeInit
                0x080054e0      0x218 ./Drivers/STM32F4xx_HAL_Driver/Src/stm32f4xx_hal_gpio.o
                0x080054e0                HAL_GPIO_DeInit
 .text.HAL_GPIO_WritePin
                0x080056f8       0x32 ./Drivers/STM32F4xx_HAL_Driver/Src/stm32f4xx_hal_gpio.o
                0x080056f8                HAL_GPIO_WritePin
 *fill*         0x0800572a        0x2 
 .text.HAL_I2C_Init
                0x0800572c      0x288 ./Drivers/STM32F4xx_HAL_Driver/Src/stm32f4xx_hal_i2c.o
                0x0800572c                HAL_I2C_Init
 .text.HAL_I2C_Mem_Write
                0x080059b4      0x1f4 ./Drivers/STM32F4xx_HAL_Driver/Src/stm32f4xx_hal_i2c.o
                0x080059b4                HAL_I2C_Mem_Write
 .text.HAL_I2C_Mem_Read
                0x08005ba8      0x464 ./Drivers/STM32F4xx_HAL_Driver/Src/stm32f4xx_hal_i2c.o
                0x08005ba8                HAL_I2C_Mem_Read
 .text.I2C_RequestMemoryWrite
                0x0800600c      0x12c ./Drivers/STM32F4xx_HAL_Driver/Src/stm32f4xx_hal_i2c.o
 .text.I2C_RequestMemoryRead
                0x08006138      0x1d0 ./Drivers/STM32F4xx_HAL_Driver/Src/stm32f4xx_hal_i2c.o
 .text.I2C_WaitOnFlagUntilTimeout
                0x08006308       0xf4 ./Drivers/STM32F4xx_HAL_Driver/Src/stm32f4xx_hal_i2c.o
 .text.I2C_WaitOnMasterAddressFlagUntilTimeout
                0x080063fc      0x140 ./Drivers/STM32F4xx_HAL_Driver/Src/stm32f4xx_hal_i2c.o
 .text.I2C_WaitOnTXEFlagUntilTimeout
                0x0800653c       0x90 ./Drivers/STM32F4xx_HAL_Driver/Src/stm32f4xx_hal_i2c.o
 .text.I2C_WaitOnBTFFlagUntilTimeout
                0x080065cc       0x90 ./Drivers/STM32F4xx_HAL_Driver/Src/stm32f4xx_hal_i2c.o
 .text.I2C_WaitOnRXNEFlagUntilTimeout
                0x0800665c       0xba ./Drivers/STM32F4xx_HAL_Driver/Src/stm32f4xx_hal_i2c.o
 .text.I2C_IsAcknowledgeFailed
                0x08006716       0x5e ./Drivers/STM32F4xx_HAL_Driver/Src/stm32f4xx_hal_i2c.o
 .text.HAL_I2CEx_ConfigAnalogFilter
                0x08006774       0x78 ./Drivers/STM32F4xx_HAL_Driver/Src/stm32f4xx_hal_i2c_ex.o
                0x08006774                HAL_I2CEx_ConfigAnalogFilter
 .text.HAL_I2CEx_ConfigDigitalFilter
                0x080067ec       0x7e ./Drivers/STM32F4xx_HAL_Driver/Src/stm32f4xx_hal_i2c_ex.o
                0x080067ec                HAL_I2CEx_ConfigDigitalFilter
 *fill*         0x0800686a        0x2 
 .text.HAL_LTDC_Init
                0x0800686c      0x1a0 ./Drivers/STM32F4xx_HAL_Driver/Src/stm32f4xx_hal_ltdc.o
                0x0800686c                HAL_LTDC_Init
 .text.HAL_LTDC_ConfigLayer
                0x08006a0c       0x7c ./Drivers/STM32F4xx_HAL_Driver/Src/stm32f4xx_hal_ltdc.o
                0x08006a0c                HAL_LTDC_ConfigLayer
 .text.LTDC_SetConfig
                0x08006a88      0x32e ./Drivers/STM32F4xx_HAL_Driver/Src/stm32f4xx_hal_ltdc.o
 *fill*         0x08006db6        0x2 
 .text.HAL_RCC_OscConfig
                0x08006db8      0x4f0 ./Drivers/STM32F4xx_HAL_Driver/Src/stm32f4xx_hal_rcc.o
                0x08006db8                HAL_RCC_OscConfig
 .text.HAL_RCC_ClockConfig
                0x080072a8      0x1cc ./Drivers/STM32F4xx_HAL_Driver/Src/stm32f4xx_hal_rcc.o
                0x080072a8                HAL_RCC_ClockConfig
 .text.HAL_RCC_GetSysClockFreq
                0x08007474      0x20c ./Drivers/STM32F4xx_HAL_Driver/Src/stm32f4xx_hal_rcc.o
                0x08007474                HAL_RCC_GetSysClockFreq
 .text.HAL_RCC_GetHCLKFreq
                0x08007680       0x18 ./Drivers/STM32F4xx_HAL_Driver/Src/stm32f4xx_hal_rcc.o
                0x08007680                HAL_RCC_GetHCLKFreq
 .text.HAL_RCC_GetPCLK1Freq
                0x08007698       0x28 ./Drivers/STM32F4xx_HAL_Driver/Src/stm32f4xx_hal_rcc.o
                0x08007698                HAL_RCC_GetPCLK1Freq
 .text.HAL_RCCEx_PeriphCLKConfig
                0x080076c0      0x380 ./Drivers/STM32F4xx_HAL_Driver/Src/stm32f4xx_hal_rcc_ex.o
                0x080076c0                HAL_RCCEx_PeriphCLKConfig
 .text.HAL_RNG_Init
                0x08007a40       0x54 ./Drivers/STM32F4xx_HAL_Driver/Src/stm32f4xx_hal_rng.o
                0x08007a40                HAL_RNG_Init
 .text.HAL_SPI_Init
                0x08007a94      0x112 ./Drivers/STM32F4xx_HAL_Driver/Src/stm32f4xx_hal_spi.o
                0x08007a94                HAL_SPI_Init
 .text.HAL_SPI_DeInit
                0x08007ba6       0x50 ./Drivers/STM32F4xx_HAL_Driver/Src/stm32f4xx_hal_spi.o
                0x08007ba6                HAL_SPI_DeInit
 .text.HAL_SPI_Transmit
                0x08007bf6      0x288 ./Drivers/STM32F4xx_HAL_Driver/Src/stm32f4xx_hal_spi.o
                0x08007bf6                HAL_SPI_Transmit
 .text.HAL_SPI_GetState
                0x08007e7e       0x1c ./Drivers/STM32F4xx_HAL_Driver/Src/stm32f4xx_hal_spi.o
                0x08007e7e                HAL_SPI_GetState
 *fill*         0x08007e9a        0x2 
 .text.SPI_WaitFlagStateUntilTimeout
                0x08007e9c      0x110 ./Drivers/STM32F4xx_HAL_Driver/Src/stm32f4xx_hal_spi.o
 .text.SPI_EndRxTxTransaction
                0x08007fac       0xa8 ./Drivers/STM32F4xx_HAL_Driver/Src/stm32f4xx_hal_spi.o
 .text.HAL_TIM_Base_Init
                0x08008054       0x9e ./Drivers/STM32F4xx_HAL_Driver/Src/stm32f4xx_hal_tim.o
                0x08008054                HAL_TIM_Base_Init
 .text.HAL_TIM_ConfigClockSource
                0x080080f2      0x18e ./Drivers/STM32F4xx_HAL_Driver/Src/stm32f4xx_hal_tim.o
                0x080080f2                HAL_TIM_ConfigClockSource
 .text.TIM_Base_SetConfig
                0x08008280      0x158 ./Drivers/STM32F4xx_HAL_Driver/Src/stm32f4xx_hal_tim.o
                0x08008280                TIM_Base_SetConfig
 .text.TIM_TI1_ConfigInputStage
                0x080083d8       0x5e ./Drivers/STM32F4xx_HAL_Driver/Src/stm32f4xx_hal_tim.o
 .text.TIM_TI2_ConfigInputStage
                0x08008436       0x60 ./Drivers/STM32F4xx_HAL_Driver/Src/stm32f4xx_hal_tim.o
 .text.TIM_ITRx_SetConfig
                0x08008496       0x36 ./Drivers/STM32F4xx_HAL_Driver/Src/stm32f4xx_hal_tim.o
 .text.TIM_ETR_SetConfig
                0x080084cc       0x40 ./Drivers/STM32F4xx_HAL_Driver/Src/stm32f4xx_hal_tim.o
                0x080084cc                TIM_ETR_SetConfig
 .text.HAL_TIMEx_MasterConfigSynchronization
                0x0800850c       0xf8 ./Drivers/STM32F4xx_HAL_Driver/Src/stm32f4xx_hal_tim_ex.o
                0x0800850c                HAL_TIMEx_MasterConfigSynchronization
 .text.std      0x08008604       0x6c C:/ST/STM32CubeIDE_1.17.0/STM32CubeIDE/plugins/com.st.stm32cube.ide.mcu.externaltools.gnu-tools-for-stm32.12.3.rel1.win32_1.1.0.202410251130/tools/bin/../lib/gcc/arm-none-eabi/12.3.1/../../../../arm-none-eabi/lib/thumb/v7e-m+fp/hard\libc_nano.a(libc_a-findfp.o)
 .text.stdio_exit_handler
                0x08008670       0x18 C:/ST/STM32CubeIDE_1.17.0/STM32CubeIDE/plugins/com.st.stm32cube.ide.mcu.externaltools.gnu-tools-for-stm32.12.3.rel1.win32_1.1.0.202410251130/tools/bin/../lib/gcc/arm-none-eabi/12.3.1/../../../../arm-none-eabi/lib/thumb/v7e-m+fp/hard\libc_nano.a(libc_a-findfp.o)
 .text.cleanup_stdio
                0x08008688       0x40 C:/ST/STM32CubeIDE_1.17.0/STM32CubeIDE/plugins/com.st.stm32cube.ide.mcu.externaltools.gnu-tools-for-stm32.12.3.rel1.win32_1.1.0.202410251130/tools/bin/../lib/gcc/arm-none-eabi/12.3.1/../../../../arm-none-eabi/lib/thumb/v7e-m+fp/hard\libc_nano.a(libc_a-findfp.o)
 .text.global_stdio_init.part.0
                0x080086c8       0x3c C:/ST/STM32CubeIDE_1.17.0/STM32CubeIDE/plugins/com.st.stm32cube.ide.mcu.externaltools.gnu-tools-for-stm32.12.3.rel1.win32_1.1.0.202410251130/tools/bin/../lib/gcc/arm-none-eabi/12.3.1/../../../../arm-none-eabi/lib/thumb/v7e-m+fp/hard\libc_nano.a(libc_a-findfp.o)
 .text.__sfp_lock_acquire
                0x08008704        0xc C:/ST/STM32CubeIDE_1.17.0/STM32CubeIDE/plugins/com.st.stm32cube.ide.mcu.externaltools.gnu-tools-for-stm32.12.3.rel1.win32_1.1.0.202410251130/tools/bin/../lib/gcc/arm-none-eabi/12.3.1/../../../../arm-none-eabi/lib/thumb/v7e-m+fp/hard\libc_nano.a(libc_a-findfp.o)
                0x08008704                __sfp_lock_acquire
 .text.__sfp_lock_release
                0x08008710        0xc C:/ST/STM32CubeIDE_1.17.0/STM32CubeIDE/plugins/com.st.stm32cube.ide.mcu.externaltools.gnu-tools-for-stm32.12.3.rel1.win32_1.1.0.202410251130/tools/bin/../lib/gcc/arm-none-eabi/12.3.1/../../../../arm-none-eabi/lib/thumb/v7e-m+fp/hard\libc_nano.a(libc_a-findfp.o)
                0x08008710                __sfp_lock_release
 .text.__sinit  0x0800871c       0x30 C:/ST/STM32CubeIDE_1.17.0/STM32CubeIDE/plugins/com.st.stm32cube.ide.mcu.externaltools.gnu-tools-for-stm32.12.3.rel1.win32_1.1.0.202410251130/tools/bin/../lib/gcc/arm-none-eabi/12.3.1/../../../../arm-none-eabi/lib/thumb/v7e-m+fp/hard\libc_nano.a(libc_a-findfp.o)
                0x0800871c                __sinit
 .text._fwalk_sglue
                0x0800874c       0x3c C:/ST/STM32CubeIDE_1.17.0/STM32CubeIDE/plugins/com.st.stm32cube.ide.mcu.externaltools.gnu-tools-for-stm32.12.3.rel1.win32_1.1.0.202410251130/tools/bin/../lib/gcc/arm-none-eabi/12.3.1/../../../../arm-none-eabi/lib/thumb/v7e-m+fp/hard\libc_nano.a(libc_a-fwalk.o)
                0x0800874c                _fwalk_sglue
 .text.printf   0x08008788       0x24 C:/ST/STM32CubeIDE_1.17.0/STM32CubeIDE/plugins/com.st.stm32cube.ide.mcu.externaltools.gnu-tools-for-stm32.12.3.rel1.win32_1.1.0.202410251130/tools/bin/../lib/gcc/arm-none-eabi/12.3.1/../../../../arm-none-eabi/lib/thumb/v7e-m+fp/hard\libc_nano.a(libc_a-printf.o)
                0x08008788                iprintf
                0x08008788                printf
 .text._puts_r  0x080087ac       0xaa C:/ST/STM32CubeIDE_1.17.0/STM32CubeIDE/plugins/com.st.stm32cube.ide.mcu.externaltools.gnu-tools-for-stm32.12.3.rel1.win32_1.1.0.202410251130/tools/bin/../lib/gcc/arm-none-eabi/12.3.1/../../../../arm-none-eabi/lib/thumb/v7e-m+fp/hard\libc_nano.a(libc_a-puts.o)
                0x080087ac                _puts_r
 *fill*         0x08008856        0x2 
 .text.puts     0x08008858       0x10 C:/ST/STM32CubeIDE_1.17.0/STM32CubeIDE/plugins/com.st.stm32cube.ide.mcu.externaltools.gnu-tools-for-stm32.12.3.rel1.win32_1.1.0.202410251130/tools/bin/../lib/gcc/arm-none-eabi/12.3.1/../../../../arm-none-eabi/lib/thumb/v7e-m+fp/hard\libc_nano.a(libc_a-puts.o)
                0x08008858                puts
 .text.__sread  0x08008868       0x22 C:/ST/STM32CubeIDE_1.17.0/STM32CubeIDE/plugins/com.st.stm32cube.ide.mcu.externaltools.gnu-tools-for-stm32.12.3.rel1.win32_1.1.0.202410251130/tools/bin/../lib/gcc/arm-none-eabi/12.3.1/../../../../arm-none-eabi/lib/thumb/v7e-m+fp/hard\libc_nano.a(libc_a-stdio.o)
                0x08008868                __sread
 .text.__swrite
                0x0800888a       0x38 C:/ST/STM32CubeIDE_1.17.0/STM32CubeIDE/plugins/com.st.stm32cube.ide.mcu.externaltools.gnu-tools-for-stm32.12.3.rel1.win32_1.1.0.202410251130/tools/bin/../lib/gcc/arm-none-eabi/12.3.1/../../../../arm-none-eabi/lib/thumb/v7e-m+fp/hard\libc_nano.a(libc_a-stdio.o)
                0x0800888a                __swrite
 .text.__sseek  0x080088c2       0x24 C:/ST/STM32CubeIDE_1.17.0/STM32CubeIDE/plugins/com.st.stm32cube.ide.mcu.externaltools.gnu-tools-for-stm32.12.3.rel1.win32_1.1.0.202410251130/tools/bin/../lib/gcc/arm-none-eabi/12.3.1/../../../../arm-none-eabi/lib/thumb/v7e-m+fp/hard\libc_nano.a(libc_a-stdio.o)
                0x080088c2                __sseek
 .text.__sclose
                0x080088e6        0x8 C:/ST/STM32CubeIDE_1.17.0/STM32CubeIDE/plugins/com.st.stm32cube.ide.mcu.externaltools.gnu-tools-for-stm32.12.3.rel1.win32_1.1.0.202410251130/tools/bin/../lib/gcc/arm-none-eabi/12.3.1/../../../../arm-none-eabi/lib/thumb/v7e-m+fp/hard\libc_nano.a(libc_a-stdio.o)
                0x080088e6                __sclose
 .text.__swbuf_r
                0x080088ee       0x7c C:/ST/STM32CubeIDE_1.17.0/STM32CubeIDE/plugins/com.st.stm32cube.ide.mcu.externaltools.gnu-tools-for-stm32.12.3.rel1.win32_1.1.0.202410251130/tools/bin/../lib/gcc/arm-none-eabi/12.3.1/../../../../arm-none-eabi/lib/thumb/v7e-m+fp/hard\libc_nano.a(libc_a-wbuf.o)
                0x080088ee                __swbuf_r
 *fill*         0x0800896a        0x2 
 .text.__swsetup_r
                0x0800896c       0xac C:/ST/STM32CubeIDE_1.17.0/STM32CubeIDE/plugins/com.st.stm32cube.ide.mcu.externaltools.gnu-tools-for-stm32.12.3.rel1.win32_1.1.0.202410251130/tools/bin/../lib/gcc/arm-none-eabi/12.3.1/../../../../arm-none-eabi/lib/thumb/v7e-m+fp/hard\libc_nano.a(libc_a-wsetup.o)
                0x0800896c                __swsetup_r
 .text.memset   0x08008a18       0x10 C:/ST/STM32CubeIDE_1.17.0/STM32CubeIDE/plugins/com.st.stm32cube.ide.mcu.externaltools.gnu-tools-for-stm32.12.3.rel1.win32_1.1.0.202410251130/tools/bin/../lib/gcc/arm-none-eabi/12.3.1/../../../../arm-none-eabi/lib/thumb/v7e-m+fp/hard\libc_nano.a(libc_a-memset.o)
                0x08008a18                memset
 .text._close_r
                0x08008a28       0x20 C:/ST/STM32CubeIDE_1.17.0/STM32CubeIDE/plugins/com.st.stm32cube.ide.mcu.externaltools.gnu-tools-for-stm32.12.3.rel1.win32_1.1.0.202410251130/tools/bin/../lib/gcc/arm-none-eabi/12.3.1/../../../../arm-none-eabi/lib/thumb/v7e-m+fp/hard\libc_nano.a(libc_a-closer.o)
                0x08008a28                _close_r
 .text._lseek_r
                0x08008a48       0x24 C:/ST/STM32CubeIDE_1.17.0/STM32CubeIDE/plugins/com.st.stm32cube.ide.mcu.externaltools.gnu-tools-for-stm32.12.3.rel1.win32_1.1.0.202410251130/tools/bin/../lib/gcc/arm-none-eabi/12.3.1/../../../../arm-none-eabi/lib/thumb/v7e-m+fp/hard\libc_nano.a(libc_a-lseekr.o)
                0x08008a48                _lseek_r
 .text._read_r  0x08008a6c       0x24 C:/ST/STM32CubeIDE_1.17.0/STM32CubeIDE/plugins/com.st.stm32cube.ide.mcu.externaltools.gnu-tools-for-stm32.12.3.rel1.win32_1.1.0.202410251130/tools/bin/../lib/gcc/arm-none-eabi/12.3.1/../../../../arm-none-eabi/lib/thumb/v7e-m+fp/hard\libc_nano.a(libc_a-readr.o)
                0x08008a6c                _read_r
 .text._write_r
                0x08008a90       0x24 C:/ST/STM32CubeIDE_1.17.0/STM32CubeIDE/plugins/com.st.stm32cube.ide.mcu.externaltools.gnu-tools-for-stm32.12.3.rel1.win32_1.1.0.202410251130/tools/bin/../lib/gcc/arm-none-eabi/12.3.1/../../../../arm-none-eabi/lib/thumb/v7e-m+fp/hard\libc_nano.a(libc_a-writer.o)
                0x08008a90                _write_r
 .text.__errno  0x08008ab4        0xc C:/ST/STM32CubeIDE_1.17.0/STM32CubeIDE/plugins/com.st.stm32cube.ide.mcu.externaltools.gnu-tools-for-stm32.12.3.rel1.win32_1.1.0.202410251130/tools/bin/../lib/gcc/arm-none-eabi/12.3.1/../../../../arm-none-eabi/lib/thumb/v7e-m+fp/hard\libc_nano.a(libc_a-errno.o)
                0x08008ab4                __errno
 .text.__libc_init_array
                0x08008ac0       0x48 C:/ST/STM32CubeIDE_1.17.0/STM32CubeIDE/plugins/com.st.stm32cube.ide.mcu.externaltools.gnu-tools-for-stm32.12.3.rel1.win32_1.1.0.202410251130/tools/bin/../lib/gcc/arm-none-eabi/12.3.1/../../../../arm-none-eabi/lib/thumb/v7e-m+fp/hard\libc_nano.a(libc_a-init.o)
                0x08008ac0                __libc_init_array
 .text.__retarget_lock_init_recursive
                0x08008b08        0x2 C:/ST/STM32CubeIDE_1.17.0/STM32CubeIDE/plugins/com.st.stm32cube.ide.mcu.externaltools.gnu-tools-for-stm32.12.3.rel1.win32_1.1.0.202410251130/tools/bin/../lib/gcc/arm-none-eabi/12.3.1/../../../../arm-none-eabi/lib/thumb/v7e-m+fp/hard\libc_nano.a(libc_a-lock.o)
                0x08008b08                __retarget_lock_init_recursive
 .text.__retarget_lock_acquire_recursive
                0x08008b0a        0x2 C:/ST/STM32CubeIDE_1.17.0/STM32CubeIDE/plugins/com.st.stm32cube.ide.mcu.externaltools.gnu-tools-for-stm32.12.3.rel1.win32_1.1.0.202410251130/tools/bin/../lib/gcc/arm-none-eabi/12.3.1/../../../../arm-none-eabi/lib/thumb/v7e-m+fp/hard\libc_nano.a(libc_a-lock.o)
                0x08008b0a                __retarget_lock_acquire_recursive
 .text.__retarget_lock_release_recursive
                0x08008b0c        0x2 C:/ST/STM32CubeIDE_1.17.0/STM32CubeIDE/plugins/com.st.stm32cube.ide.mcu.externaltools.gnu-tools-for-stm32.12.3.rel1.win32_1.1.0.202410251130/tools/bin/../lib/gcc/arm-none-eabi/12.3.1/../../../../arm-none-eabi/lib/thumb/v7e-m+fp/hard\libc_nano.a(libc_a-lock.o)
                0x08008b0c                __retarget_lock_release_recursive
 *fill*         0x08008b0e        0x2 
 .text._free_r  0x08008b10       0x94 C:/ST/STM32CubeIDE_1.17.0/STM32CubeIDE/plugins/com.st.stm32cube.ide.mcu.externaltools.gnu-tools-for-stm32.12.3.rel1.win32_1.1.0.202410251130/tools/bin/../lib/gcc/arm-none-eabi/12.3.1/../../../../arm-none-eabi/lib/thumb/v7e-m+fp/hard\libc_nano.a(libc_a-freer.o)
                0x08008b10                _free_r
 .text.sbrk_aligned
                0x08008ba4       0x44 C:/ST/STM32CubeIDE_1.17.0/STM32CubeIDE/plugins/com.st.stm32cube.ide.mcu.externaltools.gnu-tools-for-stm32.12.3.rel1.win32_1.1.0.202410251130/tools/bin/../lib/gcc/arm-none-eabi/12.3.1/../../../../arm-none-eabi/lib/thumb/v7e-m+fp/hard\libc_nano.a(libc_a-mallocr.o)
 .text._malloc_r
                0x08008be8      0x100 C:/ST/STM32CubeIDE_1.17.0/STM32CubeIDE/plugins/com.st.stm32cube.ide.mcu.externaltools.gnu-tools-for-stm32.12.3.rel1.win32_1.1.0.202410251130/tools/bin/../lib/gcc/arm-none-eabi/12.3.1/../../../../arm-none-eabi/lib/thumb/v7e-m+fp/hard\libc_nano.a(libc_a-mallocr.o)
                0x08008be8                _malloc_r
 .text.__malloc_lock
                0x08008ce8        0xc C:/ST/STM32CubeIDE_1.17.0/STM32CubeIDE/plugins/com.st.stm32cube.ide.mcu.externaltools.gnu-tools-for-stm32.12.3.rel1.win32_1.1.0.202410251130/tools/bin/../lib/gcc/arm-none-eabi/12.3.1/../../../../arm-none-eabi/lib/thumb/v7e-m+fp/hard\libc_nano.a(libc_a-mlock.o)
                0x08008ce8                __malloc_lock
 .text.__malloc_unlock
                0x08008cf4        0xc C:/ST/STM32CubeIDE_1.17.0/STM32CubeIDE/plugins/com.st.stm32cube.ide.mcu.externaltools.gnu-tools-for-stm32.12.3.rel1.win32_1.1.0.202410251130/tools/bin/../lib/gcc/arm-none-eabi/12.3.1/../../../../arm-none-eabi/lib/thumb/v7e-m+fp/hard\libc_nano.a(libc_a-mlock.o)
                0x08008cf4                __malloc_unlock
 .text.__sfputc_r
                0x08008d00       0x2e C:/ST/STM32CubeIDE_1.17.0/STM32CubeIDE/plugins/com.st.stm32cube.ide.mcu.externaltools.gnu-tools-for-stm32.12.3.rel1.win32_1.1.0.202410251130/tools/bin/../lib/gcc/arm-none-eabi/12.3.1/../../../../arm-none-eabi/lib/thumb/v7e-m+fp/hard\libc_nano.a(libc_a-nano-vfprintf.o)
 .text.__sfputs_r
                0x08008d2e       0x24 C:/ST/STM32CubeIDE_1.17.0/STM32CubeIDE/plugins/com.st.stm32cube.ide.mcu.externaltools.gnu-tools-for-stm32.12.3.rel1.win32_1.1.0.202410251130/tools/bin/../lib/gcc/arm-none-eabi/12.3.1/../../../../arm-none-eabi/lib/thumb/v7e-m+fp/hard\libc_nano.a(libc_a-nano-vfprintf.o)
                0x08008d2e                __sfputs_r
 *fill*         0x08008d52        0x2 
 .text._vfprintf_r
                0x08008d54      0x230 C:/ST/STM32CubeIDE_1.17.0/STM32CubeIDE/plugins/com.st.stm32cube.ide.mcu.externaltools.gnu-tools-for-stm32.12.3.rel1.win32_1.1.0.202410251130/tools/bin/../lib/gcc/arm-none-eabi/12.3.1/../../../../arm-none-eabi/lib/thumb/v7e-m+fp/hard\libc_nano.a(libc_a-nano-vfprintf.o)
                0x08008d54                _vfprintf_r
                0x08008d54                _vfiprintf_r
 .text._printf_common
                0x08008f84       0xda C:/ST/STM32CubeIDE_1.17.0/STM32CubeIDE/plugins/com.st.stm32cube.ide.mcu.externaltools.gnu-tools-for-stm32.12.3.rel1.win32_1.1.0.202410251130/tools/bin/../lib/gcc/arm-none-eabi/12.3.1/../../../../arm-none-eabi/lib/thumb/v7e-m+fp/hard\libc_nano.a(libc_a-nano-vfprintf_i.o)
                0x08008f84                _printf_common
 *fill*         0x0800905e        0x2 
 .text._printf_i
                0x08009060      0x240 C:/ST/STM32CubeIDE_1.17.0/STM32CubeIDE/plugins/com.st.stm32cube.ide.mcu.externaltools.gnu-tools-for-stm32.12.3.rel1.win32_1.1.0.202410251130/tools/bin/../lib/gcc/arm-none-eabi/12.3.1/../../../../arm-none-eabi/lib/thumb/v7e-m+fp/hard\libc_nano.a(libc_a-nano-vfprintf_i.o)
                0x08009060                _printf_i
 .text.__sflush_r
                0x080092a0      0x108 C:/ST/STM32CubeIDE_1.17.0/STM32CubeIDE/plugins/com.st.stm32cube.ide.mcu.externaltools.gnu-tools-for-stm32.12.3.rel1.win32_1.1.0.202410251130/tools/bin/../lib/gcc/arm-none-eabi/12.3.1/../../../../arm-none-eabi/lib/thumb/v7e-m+fp/hard\libc_nano.a(libc_a-fflush.o)
                0x080092a0                __sflush_r
 .text._fflush_r
                0x080093a8       0x50 C:/ST/STM32CubeIDE_1.17.0/STM32CubeIDE/plugins/com.st.stm32cube.ide.mcu.externaltools.gnu-tools-for-stm32.12.3.rel1.win32_1.1.0.202410251130/tools/bin/../lib/gcc/arm-none-eabi/12.3.1/../../../../arm-none-eabi/lib/thumb/v7e-m+fp/hard\libc_nano.a(libc_a-fflush.o)
                0x080093a8                _fflush_r
 .text.__swhatbuf_r
                0x080093f8       0x4c C:/ST/STM32CubeIDE_1.17.0/STM32CubeIDE/plugins/com.st.stm32cube.ide.mcu.externaltools.gnu-tools-for-stm32.12.3.rel1.win32_1.1.0.202410251130/tools/bin/../lib/gcc/arm-none-eabi/12.3.1/../../../../arm-none-eabi/lib/thumb/v7e-m+fp/hard\libc_nano.a(libc_a-makebuf.o)
                0x080093f8                __swhatbuf_r
 .text.__smakebuf_r
                0x08009444       0x78 C:/ST/STM32CubeIDE_1.17.0/STM32CubeIDE/plugins/com.st.stm32cube.ide.mcu.externaltools.gnu-tools-for-stm32.12.3.rel1.win32_1.1.0.202410251130/tools/bin/../lib/gcc/arm-none-eabi/12.3.1/../../../../arm-none-eabi/lib/thumb/v7e-m+fp/hard\libc_nano.a(libc_a-makebuf.o)
                0x08009444                __smakebuf_r
 .text._fstat_r
                0x080094bc       0x24 C:/ST/STM32CubeIDE_1.17.0/STM32CubeIDE/plugins/com.st.stm32cube.ide.mcu.externaltools.gnu-tools-for-stm32.12.3.rel1.win32_1.1.0.202410251130/tools/bin/../lib/gcc/arm-none-eabi/12.3.1/../../../../arm-none-eabi/lib/thumb/v7e-m+fp/hard\libc_nano.a(libc_a-fstatr.o)
                0x080094bc                _fstat_r
 .text._isatty_r
                0x080094e0       0x20 C:/ST/STM32CubeIDE_1.17.0/STM32CubeIDE/plugins/com.st.stm32cube.ide.mcu.externaltools.gnu-tools-for-stm32.12.3.rel1.win32_1.1.0.202410251130/tools/bin/../lib/gcc/arm-none-eabi/12.3.1/../../../../arm-none-eabi/lib/thumb/v7e-m+fp/hard\libc_nano.a(libc_a-isattyr.o)
                0x080094e0                _isatty_r
 .text._sbrk_r  0x08009500       0x20 C:/ST/STM32CubeIDE_1.17.0/STM32CubeIDE/plugins/com.st.stm32cube.ide.mcu.externaltools.gnu-tools-for-stm32.12.3.rel1.win32_1.1.0.202410251130/tools/bin/../lib/gcc/arm-none-eabi/12.3.1/../../../../arm-none-eabi/lib/thumb/v7e-m+fp/hard\libc_nano.a(libc_a-sbrkr.o)
                0x08009500                _sbrk_r
 *(.glue_7)
 .glue_7        0x08009520        0x0 linker stubs
 *(.glue_7t)
 .glue_7t       0x08009520        0x0 linker stubs
 *(.eh_frame)
 .eh_frame      0x08009520        0x0 C:/ST/STM32CubeIDE_1.17.0/STM32CubeIDE/plugins/com.st.stm32cube.ide.mcu.externaltools.gnu-tools-for-stm32.12.3.rel1.win32_1.1.0.202410251130/tools/bin/../lib/gcc/arm-none-eabi/12.3.1/thumb/v7e-m+fp/hard/crtbegin.o
 *(.init)
 .init          0x08009520        0x4 C:/ST/STM32CubeIDE_1.17.0/STM32CubeIDE/plugins/com.st.stm32cube.ide.mcu.externaltools.gnu-tools-for-stm32.12.3.rel1.win32_1.1.0.202410251130/tools/bin/../lib/gcc/arm-none-eabi/12.3.1/thumb/v7e-m+fp/hard/crti.o
                0x08009520                _init
 .init          0x08009524        0x8 C:/ST/STM32CubeIDE_1.17.0/STM32CubeIDE/plugins/com.st.stm32cube.ide.mcu.externaltools.gnu-tools-for-stm32.12.3.rel1.win32_1.1.0.202410251130/tools/bin/../lib/gcc/arm-none-eabi/12.3.1/thumb/v7e-m+fp/hard/crtn.o
 *(.fini)
 .fini          0x0800952c        0x4 C:/ST/STM32CubeIDE_1.17.0/STM32CubeIDE/plugins/com.st.stm32cube.ide.mcu.externaltools.gnu-tools-for-stm32.12.3.rel1.win32_1.1.0.202410251130/tools/bin/../lib/gcc/arm-none-eabi/12.3.1/thumb/v7e-m+fp/hard/crti.o
                0x0800952c                _fini
 .fini          0x08009530        0x8 C:/ST/STM32CubeIDE_1.17.0/STM32CubeIDE/plugins/com.st.stm32cube.ide.mcu.externaltools.gnu-tools-for-stm32.12.3.rel1.win32_1.1.0.202410251130/tools/bin/../lib/gcc/arm-none-eabi/12.3.1/thumb/v7e-m+fp/hard/crtn.o
                0x08009538                        . = ALIGN (0x4)
                0x08009538                        _etext = .

.vfp11_veneer   0x08009538        0x0
 .vfp11_veneer  0x08009538        0x0 linker stubs

.v4_bx          0x08009538        0x0
 .v4_bx         0x08009538        0x0 linker stubs

.iplt           0x08009538        0x0
 .iplt          0x08009538        0x0 C:/ST/STM32CubeIDE_1.17.0/STM32CubeIDE/plugins/com.st.stm32cube.ide.mcu.externaltools.gnu-tools-for-stm32.12.3.rel1.win32_1.1.0.202410251130/tools/bin/../lib/gcc/arm-none-eabi/12.3.1/thumb/v7e-m+fp/hard/crtbegin.o

.rodata         0x08009538     0x1360
                0x08009538                        . = ALIGN (0x4)
 *(.rodata)
 .rodata        0x08009538      0x142 ./Core/Src/Game.o
 *(.rodata*)
 *fill*         0x0800967a        0x2 
 .rodata.ASCII16x24_Table
                0x0800967c     0x11d0 ./Core/Src/fonts.o
                0x0800967c                ASCII16x24_Table
 .rodata.AHBPrescTable
                0x0800a84c       0x10 ./Core/Src/system_stm32f4xx.o
                0x0800a84c                AHBPrescTable
 .rodata.APBPrescTable
                0x0800a85c        0x8 ./Core/Src/system_stm32f4xx.o
                0x0800a85c                APBPrescTable
 .rodata._vfprintf_r.str1.1
                0x0800a864       0x11 C:/ST/STM32CubeIDE_1.17.0/STM32CubeIDE/plugins/com.st.stm32cube.ide.mcu.externaltools.gnu-tools-for-stm32.12.3.rel1.win32_1.1.0.202410251130/tools/bin/../lib/gcc/arm-none-eabi/12.3.1/../../../../arm-none-eabi/lib/thumb/v7e-m+fp/hard\libc_nano.a(libc_a-nano-vfprintf.o)
 .rodata._printf_i.str1.1
                0x0800a875       0x22 C:/ST/STM32CubeIDE_1.17.0/STM32CubeIDE/plugins/com.st.stm32cube.ide.mcu.externaltools.gnu-tools-for-stm32.12.3.rel1.win32_1.1.0.202410251130/tools/bin/../lib/gcc/arm-none-eabi/12.3.1/../../../../arm-none-eabi/lib/thumb/v7e-m+fp/hard\libc_nano.a(libc_a-nano-vfprintf_i.o)
                0x0800a898                        . = ALIGN (0x4)
 *fill*         0x0800a897        0x1 

.ARM.extab      0x0800a898        0x0
                0x0800a898                        . = ALIGN (0x4)
 *(.ARM.extab* .gnu.linkonce.armextab.*)
                0x0800a898                        . = ALIGN (0x4)

.ARM            0x0800a898        0x8
                0x0800a898                        . = ALIGN (0x4)
                0x0800a898                        __exidx_start = .
 *(.ARM.exidx*)
 .ARM.exidx     0x0800a898        0x8 C:/ST/STM32CubeIDE_1.17.0/STM32CubeIDE/plugins/com.st.stm32cube.ide.mcu.externaltools.gnu-tools-for-stm32.12.3.rel1.win32_1.1.0.202410251130/tools/bin/../lib/gcc/arm-none-eabi/12.3.1/../../../../arm-none-eabi/lib/thumb/v7e-m+fp/hard\libc_nano.a(libc_a-memchr.o)
 .ARM.exidx     0x0800a8a0        0x0 C:/ST/STM32CubeIDE_1.17.0/STM32CubeIDE/plugins/com.st.stm32cube.ide.mcu.externaltools.gnu-tools-for-stm32.12.3.rel1.win32_1.1.0.202410251130/tools/bin/../lib/gcc/arm-none-eabi/12.3.1/thumb/v7e-m+fp/hard\libgcc.a(_udivmoddi4.o)
                                  0x8 (size before relaxing)
                0x0800a8a0                        __exidx_end = .
                0x0800a8a0                        . = ALIGN (0x4)

.preinit_array  0x0800a8a0        0x0
                0x0800a8a0                        . = ALIGN (0x4)
                0x0800a8a0                        PROVIDE (__preinit_array_start = .)
 *(.preinit_array*)
                0x0800a8a0                        PROVIDE (__preinit_array_end = .)
                0x0800a8a0                        . = ALIGN (0x4)

.init_array     0x0800a8a0        0x4
                0x0800a8a0                        . = ALIGN (0x4)
                0x0800a8a0                        PROVIDE (__init_array_start = .)
 *(SORT_BY_NAME(.init_array.*))
 *(.init_array*)
 .init_array    0x0800a8a0        0x4 C:/ST/STM32CubeIDE_1.17.0/STM32CubeIDE/plugins/com.st.stm32cube.ide.mcu.externaltools.gnu-tools-for-stm32.12.3.rel1.win32_1.1.0.202410251130/tools/bin/../lib/gcc/arm-none-eabi/12.3.1/thumb/v7e-m+fp/hard/crtbegin.o
                0x0800a8a4                        PROVIDE (__init_array_end = .)
                0x0800a8a4                        . = ALIGN (0x4)

.fini_array     0x0800a8a4        0x4
                0x0800a8a4                        . = ALIGN (0x4)
                [!provide]                        PROVIDE (__fini_array_start = .)
 *(SORT_BY_NAME(.fini_array.*))
 *(.fini_array*)
 .fini_array    0x0800a8a4        0x4 C:/ST/STM32CubeIDE_1.17.0/STM32CubeIDE/plugins/com.st.stm32cube.ide.mcu.externaltools.gnu-tools-for-stm32.12.3.rel1.win32_1.1.0.202410251130/tools/bin/../lib/gcc/arm-none-eabi/12.3.1/thumb/v7e-m+fp/hard/crtbegin.o
                [!provide]                        PROVIDE (__fini_array_end = .)
                0x0800a8a8                        . = ALIGN (0x4)
                0x0800a8a8                        _sidata = LOADADDR (.data)

.rel.dyn        0x0800a8a8        0x0
 .rel.iplt      0x0800a8a8        0x0 C:/ST/STM32CubeIDE_1.17.0/STM32CubeIDE/plugins/com.st.stm32cube.ide.mcu.externaltools.gnu-tools-for-stm32.12.3.rel1.win32_1.1.0.202410251130/tools/bin/../lib/gcc/arm-none-eabi/12.3.1/thumb/v7e-m+fp/hard/crtbegin.o

.data           0x20000000       0x78 load address 0x0800a8a8
                0x20000000                        . = ALIGN (0x4)
                0x20000000                        _sdata = .
 *(.data)
 *(.data*)
 .data.CurrentTextColor
                0x20000000        0x2 ./Core/Src/LCD_Driver.o
 *fill*         0x20000002        0x2 
 .data.Font16x24
                0x20000004        0x8 ./Core/Src/fonts.o
                0x20000004                Font16x24
 .data.SpiTimeout
                0x2000000c        0x4 ./Core/Src/ili9341.o
                0x2000000c                SpiTimeout
 .data.SystemCoreClock
                0x20000010        0x4 ./Core/Src/system_stm32f4xx.o
                0x20000010                SystemCoreClock
 .data.uwTickPrio
                0x20000014        0x4 ./Drivers/STM32F4xx_HAL_Driver/Src/stm32f4xx_hal.o
                0x20000014                uwTickPrio
 .data.uwTickFreq
                0x20000018        0x1 ./Drivers/STM32F4xx_HAL_Driver/Src/stm32f4xx_hal.o
                0x20000018                uwTickFreq
 *fill*         0x20000019        0x3 
 .data.__sglue  0x2000001c        0xc C:/ST/STM32CubeIDE_1.17.0/STM32CubeIDE/plugins/com.st.stm32cube.ide.mcu.externaltools.gnu-tools-for-stm32.12.3.rel1.win32_1.1.0.202410251130/tools/bin/../lib/gcc/arm-none-eabi/12.3.1/../../../../arm-none-eabi/lib/thumb/v7e-m+fp/hard\libc_nano.a(libc_a-findfp.o)
                0x2000001c                __sglue
 .data._impure_ptr
                0x20000028        0x4 C:/ST/STM32CubeIDE_1.17.0/STM32CubeIDE/plugins/com.st.stm32cube.ide.mcu.externaltools.gnu-tools-for-stm32.12.3.rel1.win32_1.1.0.202410251130/tools/bin/../lib/gcc/arm-none-eabi/12.3.1/../../../../arm-none-eabi/lib/thumb/v7e-m+fp/hard\libc_nano.a(libc_a-impure.o)
                0x20000028                _impure_ptr
 .data._impure_data
                0x2000002c       0x4c C:/ST/STM32CubeIDE_1.17.0/STM32CubeIDE/plugins/com.st.stm32cube.ide.mcu.externaltools.gnu-tools-for-stm32.12.3.rel1.win32_1.1.0.202410251130/tools/bin/../lib/gcc/arm-none-eabi/12.3.1/../../../../arm-none-eabi/lib/thumb/v7e-m+fp/hard\libc_nano.a(libc_a-impure.o)
                0x2000002c                _impure_data
 *(.RamFunc)
 *(.RamFunc*)
                0x20000078                        . = ALIGN (0x4)
                0x20000078                        _edata = .
                0x0800a920                        _siccmram = LOADADDR (.ccmram)

.igot.plt       0x20000078        0x0 load address 0x0800a920
 .igot.plt      0x20000078        0x0 C:/ST/STM32CubeIDE_1.17.0/STM32CubeIDE/plugins/com.st.stm32cube.ide.mcu.externaltools.gnu-tools-for-stm32.12.3.rel1.win32_1.1.0.202410251130/tools/bin/../lib/gcc/arm-none-eabi/12.3.1/thumb/v7e-m+fp/hard/crtbegin.o

.ccmram         0x10000000        0x0 load address 0x0800a920
                0x10000000                        . = ALIGN (0x4)
                0x10000000                        _sccmram = .
 *(.ccmram)
 *(.ccmram*)
                0x10000000                        . = ALIGN (0x4)
                0x10000000                        _eccmram = .
                0x10000000                        . = ALIGN (0x4)

.bss            0x20000078    0x25cf8
                0x20000078                        _sbss = .
                0x20000078                        __bss_start__ = _sbss
 *(.bss)
 .bss           0x20000078       0x1c C:/ST/STM32CubeIDE_1.17.0/STM32CubeIDE/plugins/com.st.stm32cube.ide.mcu.externaltools.gnu-tools-for-stm32.12.3.rel1.win32_1.1.0.202410251130/tools/bin/../lib/gcc/arm-none-eabi/12.3.1/thumb/v7e-m+fp/hard/crtbegin.o
 *(.bss*)
 .bss.StaticTouchData
                0x20000094        0x8 ./Core/Src/ApplicationCode.o
 .bss.StaticTouchData
                0x2000009c        0x8 ./Core/Src/Game.o
 .bss.Game_Board
                0x200000a4       0x2a ./Core/Src/Game.o
 .bss.Prev_col  0x200000ce        0x1 ./Core/Src/Game.o
 .bss.Prev_row  0x200000cf        0x1 ./Core/Src/Game.o
 .bss.player_one_wins
                0x200000d0        0x1 ./Core/Src/Game.o
 .bss.player_two_wins
                0x200000d1        0x1 ./Core/Src/Game.o
 *fill*         0x200000d2        0x2 
 .bss.Starting_Time
                0x200000d4        0x4 ./Core/Src/Game.o
 .bss.button_pressed
                0x200000d8        0x1 ./Core/Src/Game.o
 *fill*         0x200000d9        0x3 
 .bss.time_seconds
                0x200000dc        0x4 ./Core/Src/Game.o
 .bss.hltdc     0x200000e0       0xa8 ./Core/Src/LCD_Driver.o
 .bss.PeriphClkInitStruct
                0x20000188       0x30 ./Core/Src/LCD_Driver.o
 .bss.LCD_Currentfonts
                0x200001b8        0x4 ./Core/Src/LCD_Driver.o
 .bss.frameBuffer
                0x200001bc    0x25800 ./Core/Src/LCD_Driver.o
                0x200001bc                frameBuffer
 .bss.SpiHandle
                0x200259bc       0x58 ./Core/Src/ili9341.o
 .bss.Is_LCD_IO_Initialized
                0x20025a14        0x1 ./Core/Src/ili9341.o
 *fill*         0x20025a15        0x3 
 .bss.hi2c3     0x20025a18       0x54 ./Core/Src/main.o
                0x20025a18                hi2c3
 .bss.hltdc     0x20025a6c       0xa8 ./Core/Src/main.o
                0x20025a6c                hltdc
 .bss.hrng      0x20025b14       0x10 ./Core/Src/main.o
                0x20025b14                hrng
 .bss.hspi5     0x20025b24       0x58 ./Core/Src/main.o
                0x20025b24                hspi5
 .bss.htim2     0x20025b7c       0x48 ./Core/Src/main.o
                0x20025b7c                htim2
 .bss.hI2C3     0x20025bc4       0x54 ./Core/Src/stmpe811.o
 .bss.HAL_status
                0x20025c18        0x1 ./Core/Src/stmpe811.o
 *fill*         0x20025c19        0x3 
 .bss.__sbrk_heap_end
                0x20025c1c        0x4 ./Core/Src/sysmem.o
 .bss.uwTick    0x20025c20        0x4 ./Drivers/STM32F4xx_HAL_Driver/Src/stm32f4xx_hal.o
                0x20025c20                uwTick
 .bss.__sf      0x20025c24      0x138 C:/ST/STM32CubeIDE_1.17.0/STM32CubeIDE/plugins/com.st.stm32cube.ide.mcu.externaltools.gnu-tools-for-stm32.12.3.rel1.win32_1.1.0.202410251130/tools/bin/../lib/gcc/arm-none-eabi/12.3.1/../../../../arm-none-eabi/lib/thumb/v7e-m+fp/hard\libc_nano.a(libc_a-findfp.o)
                0x20025c24                __sf
 .bss.__stdio_exit_handler
                0x20025d5c        0x4 C:/ST/STM32CubeIDE_1.17.0/STM32CubeIDE/plugins/com.st.stm32cube.ide.mcu.externaltools.gnu-tools-for-stm32.12.3.rel1.win32_1.1.0.202410251130/tools/bin/../lib/gcc/arm-none-eabi/12.3.1/../../../../arm-none-eabi/lib/thumb/v7e-m+fp/hard\libc_nano.a(libc_a-findfp.o)
                0x20025d5c                __stdio_exit_handler
 .bss.errno     0x20025d60        0x4 C:/ST/STM32CubeIDE_1.17.0/STM32CubeIDE/plugins/com.st.stm32cube.ide.mcu.externaltools.gnu-tools-for-stm32.12.3.rel1.win32_1.1.0.202410251130/tools/bin/../lib/gcc/arm-none-eabi/12.3.1/../../../../arm-none-eabi/lib/thumb/v7e-m+fp/hard\libc_nano.a(libc_a-reent.o)
                0x20025d60                errno
 .bss.__lock___malloc_recursive_mutex
                0x20025d64        0x1 C:/ST/STM32CubeIDE_1.17.0/STM32CubeIDE/plugins/com.st.stm32cube.ide.mcu.externaltools.gnu-tools-for-stm32.12.3.rel1.win32_1.1.0.202410251130/tools/bin/../lib/gcc/arm-none-eabi/12.3.1/../../../../arm-none-eabi/lib/thumb/v7e-m+fp/hard\libc_nano.a(libc_a-lock.o)
                0x20025d64                __lock___malloc_recursive_mutex
 .bss.__lock___sfp_recursive_mutex
                0x20025d65        0x1 C:/ST/STM32CubeIDE_1.17.0/STM32CubeIDE/plugins/com.st.stm32cube.ide.mcu.externaltools.gnu-tools-for-stm32.12.3.rel1.win32_1.1.0.202410251130/tools/bin/../lib/gcc/arm-none-eabi/12.3.1/../../../../arm-none-eabi/lib/thumb/v7e-m+fp/hard\libc_nano.a(libc_a-lock.o)
                0x20025d65                __lock___sfp_recursive_mutex
 *fill*         0x20025d66        0x2 
 .bss.__malloc_sbrk_start
                0x20025d68        0x4 C:/ST/STM32CubeIDE_1.17.0/STM32CubeIDE/plugins/com.st.stm32cube.ide.mcu.externaltools.gnu-tools-for-stm32.12.3.rel1.win32_1.1.0.202410251130/tools/bin/../lib/gcc/arm-none-eabi/12.3.1/../../../../arm-none-eabi/lib/thumb/v7e-m+fp/hard\libc_nano.a(libc_a-mallocr.o)
                0x20025d68                __malloc_sbrk_start
 .bss.__malloc_free_list
                0x20025d6c        0x4 C:/ST/STM32CubeIDE_1.17.0/STM32CubeIDE/plugins/com.st.stm32cube.ide.mcu.externaltools.gnu-tools-for-stm32.12.3.rel1.win32_1.1.0.202410251130/tools/bin/../lib/gcc/arm-none-eabi/12.3.1/../../../../arm-none-eabi/lib/thumb/v7e-m+fp/hard\libc_nano.a(libc_a-mallocr.o)
                0x20025d6c                __malloc_free_list
 *(COMMON)
                0x20025d70                        . = ALIGN (0x4)
                0x20025d70                        _ebss = .
                0x20025d70                        __bss_end__ = _ebss

._user_heap_stack
                0x20025d70      0x600
                0x20025d70                        . = ALIGN (0x8)
                [!provide]                        PROVIDE (end = .)
                0x20025d70                        PROVIDE (_end = .)
                0x20025f70                        . = (. + _Min_Heap_Size)
 *fill*         0x20025d70      0x200 
                0x20026370                        . = (. + _Min_Stack_Size)
 *fill*         0x20025f70      0x400 
                0x20026370                        . = ALIGN (0x8)

/DISCARD/
 libc.a(*)
 libm.a(*)
 libgcc.a(*)

.ARM.attributes
                0x00000000       0x30
 *(.ARM.attributes)
 .ARM.attributes
                0x00000000       0x22 C:/ST/STM32CubeIDE_1.17.0/STM32CubeIDE/plugins/com.st.stm32cube.ide.mcu.externaltools.gnu-tools-for-stm32.12.3.rel1.win32_1.1.0.202410251130/tools/bin/../lib/gcc/arm-none-eabi/12.3.1/thumb/v7e-m+fp/hard/crti.o
 .ARM.attributes
                0x00000022       0x34 C:/ST/STM32CubeIDE_1.17.0/STM32CubeIDE/plugins/com.st.stm32cube.ide.mcu.externaltools.gnu-tools-for-stm32.12.3.rel1.win32_1.1.0.202410251130/tools/bin/../lib/gcc/arm-none-eabi/12.3.1/thumb/v7e-m+fp/hard/crtbegin.o
 .ARM.attributes
                0x00000056       0x34 ./Core/Src/ApplicationCode.o
 .ARM.attributes
                0x0000008a       0x34 ./Core/Src/Button_Driver.o
 .ARM.attributes
                0x000000be       0x34 ./Core/Src/Game.o
 .ARM.attributes
                0x000000f2       0x34 ./Core/Src/LCD_Driver.o
 .ARM.attributes
                0x00000126       0x34 ./Core/Src/fonts.o
 .ARM.attributes
                0x0000015a       0x34 ./Core/Src/ili9341.o
 .ARM.attributes
                0x0000018e       0x34 ./Core/Src/main.o
 .ARM.attributes
                0x000001c2       0x34 ./Core/Src/stm32f4xx_hal_msp.o
 .ARM.attributes
                0x000001f6       0x34 ./Core/Src/stm32f4xx_it.o
 .ARM.attributes
                0x0000022a       0x34 ./Core/Src/stmpe811.o
 .ARM.attributes
                0x0000025e       0x34 ./Core/Src/syscalls.o
 .ARM.attributes
                0x00000292       0x34 ./Core/Src/sysmem.o
 .ARM.attributes
                0x000002c6       0x34 ./Core/Src/system_stm32f4xx.o
 .ARM.attributes
                0x000002fa       0x21 ./Core/Startup/startup_stm32f429zitx.o
 .ARM.attributes
                0x0000031b       0x34 ./Drivers/STM32F4xx_HAL_Driver/Src/stm32f4xx_hal.o
 .ARM.attributes
                0x0000034f       0x34 ./Drivers/STM32F4xx_HAL_Driver/Src/stm32f4xx_hal_cortex.o
 .ARM.attributes
                0x00000383       0x34 ./Drivers/STM32F4xx_HAL_Driver/Src/stm32f4xx_hal_gpio.o
 .ARM.attributes
                0x000003b7       0x34 ./Drivers/STM32F4xx_HAL_Driver/Src/stm32f4xx_hal_i2c.o
 .ARM.attributes
                0x000003eb       0x34 ./Drivers/STM32F4xx_HAL_Driver/Src/stm32f4xx_hal_i2c_ex.o
 .ARM.attributes
                0x0000041f       0x34 ./Drivers/STM32F4xx_HAL_Driver/Src/stm32f4xx_hal_ltdc.o
 .ARM.attributes
                0x00000453       0x34 ./Drivers/STM32F4xx_HAL_Driver/Src/stm32f4xx_hal_rcc.o
 .ARM.attributes
                0x00000487       0x34 ./Drivers/STM32F4xx_HAL_Driver/Src/stm32f4xx_hal_rcc_ex.o
 .ARM.attributes
                0x000004bb       0x34 ./Drivers/STM32F4xx_HAL_Driver/Src/stm32f4xx_hal_rng.o
 .ARM.attributes
                0x000004ef       0x34 ./Drivers/STM32F4xx_HAL_Driver/Src/stm32f4xx_hal_spi.o
 .ARM.attributes
                0x00000523       0x34 ./Drivers/STM32F4xx_HAL_Driver/Src/stm32f4xx_hal_tim.o
 .ARM.attributes
                0x00000557       0x34 ./Drivers/STM32F4xx_HAL_Driver/Src/stm32f4xx_hal_tim_ex.o
 .ARM.attributes
                0x0000058b       0x34 C:/ST/STM32CubeIDE_1.17.0/STM32CubeIDE/plugins/com.st.stm32cube.ide.mcu.externaltools.gnu-tools-for-stm32.12.3.rel1.win32_1.1.0.202410251130/tools/bin/../lib/gcc/arm-none-eabi/12.3.1/../../../../arm-none-eabi/lib/thumb/v7e-m+fp/hard\libc_nano.a(libc_a-findfp.o)
 .ARM.attributes
                0x000005bf       0x34 C:/ST/STM32CubeIDE_1.17.0/STM32CubeIDE/plugins/com.st.stm32cube.ide.mcu.externaltools.gnu-tools-for-stm32.12.3.rel1.win32_1.1.0.202410251130/tools/bin/../lib/gcc/arm-none-eabi/12.3.1/../../../../arm-none-eabi/lib/thumb/v7e-m+fp/hard\libc_nano.a(libc_a-fwalk.o)
 .ARM.attributes
                0x000005f3       0x34 C:/ST/STM32CubeIDE_1.17.0/STM32CubeIDE/plugins/com.st.stm32cube.ide.mcu.externaltools.gnu-tools-for-stm32.12.3.rel1.win32_1.1.0.202410251130/tools/bin/../lib/gcc/arm-none-eabi/12.3.1/../../../../arm-none-eabi/lib/thumb/v7e-m+fp/hard\libc_nano.a(libc_a-printf.o)
 .ARM.attributes
                0x00000627       0x34 C:/ST/STM32CubeIDE_1.17.0/STM32CubeIDE/plugins/com.st.stm32cube.ide.mcu.externaltools.gnu-tools-for-stm32.12.3.rel1.win32_1.1.0.202410251130/tools/bin/../lib/gcc/arm-none-eabi/12.3.1/../../../../arm-none-eabi/lib/thumb/v7e-m+fp/hard\libc_nano.a(libc_a-puts.o)
 .ARM.attributes
                0x0000065b       0x34 C:/ST/STM32CubeIDE_1.17.0/STM32CubeIDE/plugins/com.st.stm32cube.ide.mcu.externaltools.gnu-tools-for-stm32.12.3.rel1.win32_1.1.0.202410251130/tools/bin/../lib/gcc/arm-none-eabi/12.3.1/../../../../arm-none-eabi/lib/thumb/v7e-m+fp/hard\libc_nano.a(libc_a-stdio.o)
 .ARM.attributes
                0x0000068f       0x34 C:/ST/STM32CubeIDE_1.17.0/STM32CubeIDE/plugins/com.st.stm32cube.ide.mcu.externaltools.gnu-tools-for-stm32.12.3.rel1.win32_1.1.0.202410251130/tools/bin/../lib/gcc/arm-none-eabi/12.3.1/../../../../arm-none-eabi/lib/thumb/v7e-m+fp/hard\libc_nano.a(libc_a-wbuf.o)
 .ARM.attributes
                0x000006c3       0x34 C:/ST/STM32CubeIDE_1.17.0/STM32CubeIDE/plugins/com.st.stm32cube.ide.mcu.externaltools.gnu-tools-for-stm32.12.3.rel1.win32_1.1.0.202410251130/tools/bin/../lib/gcc/arm-none-eabi/12.3.1/../../../../arm-none-eabi/lib/thumb/v7e-m+fp/hard\libc_nano.a(libc_a-wsetup.o)
 .ARM.attributes
                0x000006f7       0x34 C:/ST/STM32CubeIDE_1.17.0/STM32CubeIDE/plugins/com.st.stm32cube.ide.mcu.externaltools.gnu-tools-for-stm32.12.3.rel1.win32_1.1.0.202410251130/tools/bin/../lib/gcc/arm-none-eabi/12.3.1/../../../../arm-none-eabi/lib/thumb/v7e-m+fp/hard\libc_nano.a(libc_a-memset.o)
 .ARM.attributes
                0x0000072b       0x34 C:/ST/STM32CubeIDE_1.17.0/STM32CubeIDE/plugins/com.st.stm32cube.ide.mcu.externaltools.gnu-tools-for-stm32.12.3.rel1.win32_1.1.0.202410251130/tools/bin/../lib/gcc/arm-none-eabi/12.3.1/../../../../arm-none-eabi/lib/thumb/v7e-m+fp/hard\libc_nano.a(libc_a-closer.o)
 .ARM.attributes
                0x0000075f       0x34 C:/ST/STM32CubeIDE_1.17.0/STM32CubeIDE/plugins/com.st.stm32cube.ide.mcu.externaltools.gnu-tools-for-stm32.12.3.rel1.win32_1.1.0.202410251130/tools/bin/../lib/gcc/arm-none-eabi/12.3.1/../../../../arm-none-eabi/lib/thumb/v7e-m+fp/hard\libc_nano.a(libc_a-reent.o)
 .ARM.attributes
                0x00000793       0x34 C:/ST/STM32CubeIDE_1.17.0/STM32CubeIDE/plugins/com.st.stm32cube.ide.mcu.externaltools.gnu-tools-for-stm32.12.3.rel1.win32_1.1.0.202410251130/tools/bin/../lib/gcc/arm-none-eabi/12.3.1/../../../../arm-none-eabi/lib/thumb/v7e-m+fp/hard\libc_nano.a(libc_a-impure.o)
 .ARM.attributes
                0x000007c7       0x34 C:/ST/STM32CubeIDE_1.17.0/STM32CubeIDE/plugins/com.st.stm32cube.ide.mcu.externaltools.gnu-tools-for-stm32.12.3.rel1.win32_1.1.0.202410251130/tools/bin/../lib/gcc/arm-none-eabi/12.3.1/../../../../arm-none-eabi/lib/thumb/v7e-m+fp/hard\libc_nano.a(libc_a-lseekr.o)
 .ARM.attributes
                0x000007fb       0x34 C:/ST/STM32CubeIDE_1.17.0/STM32CubeIDE/plugins/com.st.stm32cube.ide.mcu.externaltools.gnu-tools-for-stm32.12.3.rel1.win32_1.1.0.202410251130/tools/bin/../lib/gcc/arm-none-eabi/12.3.1/../../../../arm-none-eabi/lib/thumb/v7e-m+fp/hard\libc_nano.a(libc_a-readr.o)
 .ARM.attributes
                0x0000082f       0x34 C:/ST/STM32CubeIDE_1.17.0/STM32CubeIDE/plugins/com.st.stm32cube.ide.mcu.externaltools.gnu-tools-for-stm32.12.3.rel1.win32_1.1.0.202410251130/tools/bin/../lib/gcc/arm-none-eabi/12.3.1/../../../../arm-none-eabi/lib/thumb/v7e-m+fp/hard\libc_nano.a(libc_a-writer.o)
 .ARM.attributes
                0x00000863       0x34 C:/ST/STM32CubeIDE_1.17.0/STM32CubeIDE/plugins/com.st.stm32cube.ide.mcu.externaltools.gnu-tools-for-stm32.12.3.rel1.win32_1.1.0.202410251130/tools/bin/../lib/gcc/arm-none-eabi/12.3.1/../../../../arm-none-eabi/lib/thumb/v7e-m+fp/hard\libc_nano.a(libc_a-errno.o)
 .ARM.attributes
                0x00000897       0x34 C:/ST/STM32CubeIDE_1.17.0/STM32CubeIDE/plugins/com.st.stm32cube.ide.mcu.externaltools.gnu-tools-for-stm32.12.3.rel1.win32_1.1.0.202410251130/tools/bin/../lib/gcc/arm-none-eabi/12.3.1/../../../../arm-none-eabi/lib/thumb/v7e-m+fp/hard\libc_nano.a(libc_a-init.o)
 .ARM.attributes
                0x000008cb       0x34 C:/ST/STM32CubeIDE_1.17.0/STM32CubeIDE/plugins/com.st.stm32cube.ide.mcu.externaltools.gnu-tools-for-stm32.12.3.rel1.win32_1.1.0.202410251130/tools/bin/../lib/gcc/arm-none-eabi/12.3.1/../../../../arm-none-eabi/lib/thumb/v7e-m+fp/hard\libc_nano.a(libc_a-lock.o)
 .ARM.attributes
                0x000008ff       0x34 C:/ST/STM32CubeIDE_1.17.0/STM32CubeIDE/plugins/com.st.stm32cube.ide.mcu.externaltools.gnu-tools-for-stm32.12.3.rel1.win32_1.1.0.202410251130/tools/bin/../lib/gcc/arm-none-eabi/12.3.1/../../../../arm-none-eabi/lib/thumb/v7e-m+fp/hard\libc_nano.a(libc_a-freer.o)
 .ARM.attributes
                0x00000933       0x34 C:/ST/STM32CubeIDE_1.17.0/STM32CubeIDE/plugins/com.st.stm32cube.ide.mcu.externaltools.gnu-tools-for-stm32.12.3.rel1.win32_1.1.0.202410251130/tools/bin/../lib/gcc/arm-none-eabi/12.3.1/../../../../arm-none-eabi/lib/thumb/v7e-m+fp/hard\libc_nano.a(libc_a-mallocr.o)
 .ARM.attributes
                0x00000967       0x34 C:/ST/STM32CubeIDE_1.17.0/STM32CubeIDE/plugins/com.st.stm32cube.ide.mcu.externaltools.gnu-tools-for-stm32.12.3.rel1.win32_1.1.0.202410251130/tools/bin/../lib/gcc/arm-none-eabi/12.3.1/../../../../arm-none-eabi/lib/thumb/v7e-m+fp/hard\libc_nano.a(libc_a-mlock.o)
 .ARM.attributes
                0x0000099b       0x34 C:/ST/STM32CubeIDE_1.17.0/STM32CubeIDE/plugins/com.st.stm32cube.ide.mcu.externaltools.gnu-tools-for-stm32.12.3.rel1.win32_1.1.0.202410251130/tools/bin/../lib/gcc/arm-none-eabi/12.3.1/../../../../arm-none-eabi/lib/thumb/v7e-m+fp/hard\libc_nano.a(libc_a-nano-vfprintf.o)
 .ARM.attributes
                0x000009cf       0x34 C:/ST/STM32CubeIDE_1.17.0/STM32CubeIDE/plugins/com.st.stm32cube.ide.mcu.externaltools.gnu-tools-for-stm32.12.3.rel1.win32_1.1.0.202410251130/tools/bin/../lib/gcc/arm-none-eabi/12.3.1/../../../../arm-none-eabi/lib/thumb/v7e-m+fp/hard\libc_nano.a(libc_a-nano-vfprintf_i.o)
 .ARM.attributes
                0x00000a03       0x34 C:/ST/STM32CubeIDE_1.17.0/STM32CubeIDE/plugins/com.st.stm32cube.ide.mcu.externaltools.gnu-tools-for-stm32.12.3.rel1.win32_1.1.0.202410251130/tools/bin/../lib/gcc/arm-none-eabi/12.3.1/../../../../arm-none-eabi/lib/thumb/v7e-m+fp/hard\libc_nano.a(libc_a-fflush.o)
 .ARM.attributes
                0x00000a37       0x34 C:/ST/STM32CubeIDE_1.17.0/STM32CubeIDE/plugins/com.st.stm32cube.ide.mcu.externaltools.gnu-tools-for-stm32.12.3.rel1.win32_1.1.0.202410251130/tools/bin/../lib/gcc/arm-none-eabi/12.3.1/../../../../arm-none-eabi/lib/thumb/v7e-m+fp/hard\libc_nano.a(libc_a-makebuf.o)
 .ARM.attributes
                0x00000a6b       0x34 C:/ST/STM32CubeIDE_1.17.0/STM32CubeIDE/plugins/com.st.stm32cube.ide.mcu.externaltools.gnu-tools-for-stm32.12.3.rel1.win32_1.1.0.202410251130/tools/bin/../lib/gcc/arm-none-eabi/12.3.1/../../../../arm-none-eabi/lib/thumb/v7e-m+fp/hard\libc_nano.a(libc_a-fstatr.o)
 .ARM.attributes
                0x00000a9f       0x34 C:/ST/STM32CubeIDE_1.17.0/STM32CubeIDE/plugins/com.st.stm32cube.ide.mcu.externaltools.gnu-tools-for-stm32.12.3.rel1.win32_1.1.0.202410251130/tools/bin/../lib/gcc/arm-none-eabi/12.3.1/../../../../arm-none-eabi/lib/thumb/v7e-m+fp/hard\libc_nano.a(libc_a-isattyr.o)
 .ARM.attributes
                0x00000ad3       0x34 C:/ST/STM32CubeIDE_1.17.0/STM32CubeIDE/plugins/com.st.stm32cube.ide.mcu.externaltools.gnu-tools-for-stm32.12.3.rel1.win32_1.1.0.202410251130/tools/bin/../lib/gcc/arm-none-eabi/12.3.1/../../../../arm-none-eabi/lib/thumb/v7e-m+fp/hard\libc_nano.a(libc_a-sbrkr.o)
 .ARM.attributes
                0x00000b07       0x1c C:/ST/STM32CubeIDE_1.17.0/STM32CubeIDE/plugins/com.st.stm32cube.ide.mcu.externaltools.gnu-tools-for-stm32.12.3.rel1.win32_1.1.0.202410251130/tools/bin/../lib/gcc/arm-none-eabi/12.3.1/../../../../arm-none-eabi/lib/thumb/v7e-m+fp/hard\libc_nano.a(libc_a-memchr.o)
 .ARM.attributes
                0x00000b23       0x22 C:/ST/STM32CubeIDE_1.17.0/STM32CubeIDE/plugins/com.st.stm32cube.ide.mcu.externaltools.gnu-tools-for-stm32.12.3.rel1.win32_1.1.0.202410251130/tools/bin/../lib/gcc/arm-none-eabi/12.3.1/thumb/v7e-m+fp/hard\libgcc.a(_aeabi_uldivmod.o)
 .ARM.attributes
                0x00000b45       0x34 C:/ST/STM32CubeIDE_1.17.0/STM32CubeIDE/plugins/com.st.stm32cube.ide.mcu.externaltools.gnu-tools-for-stm32.12.3.rel1.win32_1.1.0.202410251130/tools/bin/../lib/gcc/arm-none-eabi/12.3.1/thumb/v7e-m+fp/hard\libgcc.a(_udivmoddi4.o)
 .ARM.attributes
                0x00000b79       0x22 C:/ST/STM32CubeIDE_1.17.0/STM32CubeIDE/plugins/com.st.stm32cube.ide.mcu.externaltools.gnu-tools-for-stm32.12.3.rel1.win32_1.1.0.202410251130/tools/bin/../lib/gcc/arm-none-eabi/12.3.1/thumb/v7e-m+fp/hard\libgcc.a(_dvmd_tls.o)
 .ARM.attributes
                0x00000b9b       0x22 C:/ST/STM32CubeIDE_1.17.0/STM32CubeIDE/plugins/com.st.stm32cube.ide.mcu.externaltools.gnu-tools-for-stm32.12.3.rel1.win32_1.1.0.202410251130/tools/bin/../lib/gcc/arm-none-eabi/12.3.1/thumb/v7e-m+fp/hard/crtn.o
OUTPUT(ECEN2370_StarterCode_SP25.elf elf32-littlearm)
LOAD linker stubs
LOAD C:/ST/STM32CubeIDE_1.17.0/STM32CubeIDE/plugins/com.st.stm32cube.ide.mcu.externaltools.gnu-tools-for-stm32.12.3.rel1.win32_1.1.0.202410251130/tools/bin/../lib/gcc/arm-none-eabi/12.3.1/../../../../arm-none-eabi/lib/thumb/v7e-m+fp/hard\libc.a
LOAD C:/ST/STM32CubeIDE_1.17.0/STM32CubeIDE/plugins/com.st.stm32cube.ide.mcu.externaltools.gnu-tools-for-stm32.12.3.rel1.win32_1.1.0.202410251130/tools/bin/../lib/gcc/arm-none-eabi/12.3.1/../../../../arm-none-eabi/lib/thumb/v7e-m+fp/hard\libm.a
LOAD C:/ST/STM32CubeIDE_1.17.0/STM32CubeIDE/plugins/com.st.stm32cube.ide.mcu.externaltools.gnu-tools-for-stm32.12.3.rel1.win32_1.1.0.202410251130/tools/bin/../lib/gcc/arm-none-eabi/12.3.1/thumb/v7e-m+fp/hard\libgcc.a

.debug_info     0x00000000    0x14446
 .debug_info    0x00000000      0x2b5 ./Core/Src/ApplicationCode.o
 .debug_info    0x000002b5      0x661 ./Core/Src/Button_Driver.o
 .debug_info    0x00000916      0xe81 ./Core/Src/Game.o
 .debug_info    0x00001797     0x1160 ./Core/Src/LCD_Driver.o
 .debug_info    0x000028f7      0x145 ./Core/Src/fonts.o
 .debug_info    0x00002a3c      0xc85 ./Core/Src/ili9341.o
 .debug_info    0x000036c1     0x192f ./Core/Src/main.o
 .debug_info    0x00004ff0     0x17b6 ./Core/Src/stm32f4xx_hal_msp.o
 .debug_info    0x000067a6      0x112 ./Core/Src/stm32f4xx_it.o
 .debug_info    0x000068b8      0xdd6 ./Core/Src/stmpe811.o
 .debug_info    0x0000768e      0x6a3 ./Core/Src/syscalls.o
 .debug_info    0x00007d31      0x168 ./Core/Src/sysmem.o
 .debug_info    0x00007e99      0x52e ./Core/Src/system_stm32f4xx.o
 .debug_info    0x000083c7       0x30 ./Core/Startup/startup_stm32f429zitx.o
 .debug_info    0x000083f7      0x9ba ./Drivers/STM32F4xx_HAL_Driver/Src/stm32f4xx_hal.o
 .debug_info    0x00008db1      0xdc2 ./Drivers/STM32F4xx_HAL_Driver/Src/stm32f4xx_hal_cortex.o
 .debug_info    0x00009b73      0x6db ./Drivers/STM32F4xx_HAL_Driver/Src/stm32f4xx_hal_gpio.o
 .debug_info    0x0000a24e     0x2421 ./Drivers/STM32F4xx_HAL_Driver/Src/stm32f4xx_hal_i2c.o
 .debug_info    0x0000c66f      0x672 ./Drivers/STM32F4xx_HAL_Driver/Src/stm32f4xx_hal_i2c_ex.o
 .debug_info    0x0000cce1     0x1022 ./Drivers/STM32F4xx_HAL_Driver/Src/stm32f4xx_hal_ltdc.o
 .debug_info    0x0000dd03      0x8c7 ./Drivers/STM32F4xx_HAL_Driver/Src/stm32f4xx_hal_rcc.o
 .debug_info    0x0000e5ca      0x64c ./Drivers/STM32F4xx_HAL_Driver/Src/stm32f4xx_hal_rcc_ex.o
 .debug_info    0x0000ec16      0x493 ./Drivers/STM32F4xx_HAL_Driver/Src/stm32f4xx_hal_rng.o
 .debug_info    0x0000f0a9     0x1525 ./Drivers/STM32F4xx_HAL_Driver/Src/stm32f4xx_hal_spi.o
 .debug_info    0x000105ce     0x299d ./Drivers/STM32F4xx_HAL_Driver/Src/stm32f4xx_hal_tim.o
 .debug_info    0x00012f6b     0x14db ./Drivers/STM32F4xx_HAL_Driver/Src/stm32f4xx_hal_tim_ex.o

.debug_abbrev   0x00000000     0x3454
 .debug_abbrev  0x00000000      0x1b1 ./Core/Src/ApplicationCode.o
 .debug_abbrev  0x000001b1      0x194 ./Core/Src/Button_Driver.o
 .debug_abbrev  0x00000345      0x350 ./Core/Src/Game.o
 .debug_abbrev  0x00000695      0x33f ./Core/Src/LCD_Driver.o
 .debug_abbrev  0x000009d4       0xc6 ./Core/Src/fonts.o
 .debug_abbrev  0x00000a9a      0x2c9 ./Core/Src/ili9341.o
 .debug_abbrev  0x00000d63      0x2cd ./Core/Src/main.o
 .debug_abbrev  0x00001030      0x25c ./Core/Src/stm32f4xx_hal_msp.o
 .debug_abbrev  0x0000128c       0x73 ./Core/Src/stm32f4xx_it.o
 .debug_abbrev  0x000012ff      0x2c9 ./Core/Src/stmpe811.o
 .debug_abbrev  0x000015c8      0x1b6 ./Core/Src/syscalls.o
 .debug_abbrev  0x0000177e       0xbc ./Core/Src/sysmem.o
 .debug_abbrev  0x0000183a      0x11a ./Core/Src/system_stm32f4xx.o
 .debug_abbrev  0x00001954       0x24 ./Core/Startup/startup_stm32f429zitx.o
 .debug_abbrev  0x00001978      0x214 ./Drivers/STM32F4xx_HAL_Driver/Src/stm32f4xx_hal.o
 .debug_abbrev  0x00001b8c      0x31d ./Drivers/STM32F4xx_HAL_Driver/Src/stm32f4xx_hal_cortex.o
 .debug_abbrev  0x00001ea9      0x1d4 ./Drivers/STM32F4xx_HAL_Driver/Src/stm32f4xx_hal_gpio.o
 .debug_abbrev  0x0000207d      0x2ad ./Drivers/STM32F4xx_HAL_Driver/Src/stm32f4xx_hal_i2c.o
 .debug_abbrev  0x0000232a      0x157 ./Drivers/STM32F4xx_HAL_Driver/Src/stm32f4xx_hal_i2c_ex.o
 .debug_abbrev  0x00002481      0x233 ./Drivers/STM32F4xx_HAL_Driver/Src/stm32f4xx_hal_ltdc.o
 .debug_abbrev  0x000026b4      0x2b7 ./Drivers/STM32F4xx_HAL_Driver/Src/stm32f4xx_hal_rcc.o
 .debug_abbrev  0x0000296b      0x1b0 ./Drivers/STM32F4xx_HAL_Driver/Src/stm32f4xx_hal_rcc_ex.o
 .debug_abbrev  0x00002b1b      0x1c4 ./Drivers/STM32F4xx_HAL_Driver/Src/stm32f4xx_hal_rng.o
 .debug_abbrev  0x00002cdf      0x27a ./Drivers/STM32F4xx_HAL_Driver/Src/stm32f4xx_hal_spi.o
 .debug_abbrev  0x00002f59      0x278 ./Drivers/STM32F4xx_HAL_Driver/Src/stm32f4xx_hal_tim.o
 .debug_abbrev  0x000031d1      0x283 ./Drivers/STM32F4xx_HAL_Driver/Src/stm32f4xx_hal_tim_ex.o

.debug_aranges  0x00000000     0x1490
 .debug_aranges
                0x00000000       0x30 ./Core/Src/ApplicationCode.o
 .debug_aranges
                0x00000030       0x28 ./Core/Src/Button_Driver.o
 .debug_aranges
                0x00000058       0xc0 ./Core/Src/Game.o
 .debug_aranges
                0x00000118       0xd8 ./Core/Src/LCD_Driver.o
 .debug_aranges
                0x000001f0       0x18 ./Core/Src/fonts.o
 .debug_aranges
                0x00000208       0x98 ./Core/Src/ili9341.o
 .debug_aranges
                0x000002a0       0x60 ./Core/Src/main.o
 .debug_aranges
                0x00000300       0x70 ./Core/Src/stm32f4xx_hal_msp.o
 .debug_aranges
                0x00000370       0x60 ./Core/Src/stm32f4xx_it.o
 .debug_aranges
                0x000003d0       0x88 ./Core/Src/stmpe811.o
 .debug_aranges
                0x00000458       0xa8 ./Core/Src/syscalls.o
 .debug_aranges
                0x00000500       0x20 ./Core/Src/sysmem.o
 .debug_aranges
                0x00000520       0x28 ./Core/Src/system_stm32f4xx.o
 .debug_aranges
                0x00000548       0x28 ./Core/Startup/startup_stm32f429zitx.o
 .debug_aranges
                0x00000570      0x100 ./Drivers/STM32F4xx_HAL_Driver/Src/stm32f4xx_hal.o
 .debug_aranges
                0x00000670      0x130 ./Drivers/STM32F4xx_HAL_Driver/Src/stm32f4xx_hal_cortex.o
 .debug_aranges
                0x000007a0       0x58 ./Drivers/STM32F4xx_HAL_Driver/Src/stm32f4xx_hal_gpio.o
 .debug_aranges
                0x000007f8      0x2a8 ./Drivers/STM32F4xx_HAL_Driver/Src/stm32f4xx_hal_i2c.o
 .debug_aranges
                0x00000aa0       0x28 ./Drivers/STM32F4xx_HAL_Driver/Src/stm32f4xx_hal_i2c_ex.o
 .debug_aranges
                0x00000ac8      0x158 ./Drivers/STM32F4xx_HAL_Driver/Src/stm32f4xx_hal_ltdc.o
 .debug_aranges
                0x00000c20       0x88 ./Drivers/STM32F4xx_HAL_Driver/Src/stm32f4xx_hal_rcc.o
 .debug_aranges
                0x00000ca8       0x58 ./Drivers/STM32F4xx_HAL_Driver/Src/stm32f4xx_hal_rcc_ex.o
 .debug_aranges
                0x00000d00       0x88 ./Drivers/STM32F4xx_HAL_Driver/Src/stm32f4xx_hal_rng.o
 .debug_aranges
                0x00000d88      0x1d0 ./Drivers/STM32F4xx_HAL_Driver/Src/stm32f4xx_hal_spi.o
 .debug_aranges
                0x00000f58      0x3d0 ./Drivers/STM32F4xx_HAL_Driver/Src/stm32f4xx_hal_tim.o
 .debug_aranges
                0x00001328      0x168 ./Drivers/STM32F4xx_HAL_Driver/Src/stm32f4xx_hal_tim_ex.o

.debug_rnglists
                0x00000000      0xff7
 .debug_rnglists
                0x00000000       0x20 ./Core/Src/ApplicationCode.o
 .debug_rnglists
                0x00000020       0x19 ./Core/Src/Button_Driver.o
 .debug_rnglists
                0x00000039       0xb3 ./Core/Src/Game.o
 .debug_rnglists
                0x000000ec       0xa5 ./Core/Src/LCD_Driver.o
 .debug_rnglists
                0x00000191       0x6f ./Core/Src/ili9341.o
 .debug_rnglists
                0x00000200       0x48 ./Core/Src/main.o
 .debug_rnglists
                0x00000248       0x53 ./Core/Src/stm32f4xx_hal_msp.o
 .debug_rnglists
                0x0000029b       0x43 ./Core/Src/stm32f4xx_it.o
 .debug_rnglists
                0x000002de       0x67 ./Core/Src/stmpe811.o
 .debug_rnglists
                0x00000345       0x79 ./Core/Src/syscalls.o
 .debug_rnglists
                0x000003be       0x13 ./Core/Src/sysmem.o
 .debug_rnglists
                0x000003d1       0x1a ./Core/Src/system_stm32f4xx.o
 .debug_rnglists
                0x000003eb       0x19 ./Core/Startup/startup_stm32f429zitx.o
 .debug_rnglists
                0x00000404       0xbb ./Drivers/STM32F4xx_HAL_Driver/Src/stm32f4xx_hal.o
 .debug_rnglists
                0x000004bf       0xe0 ./Drivers/STM32F4xx_HAL_Driver/Src/stm32f4xx_hal_cortex.o
 .debug_rnglists
                0x0000059f       0x3f ./Drivers/STM32F4xx_HAL_Driver/Src/stm32f4xx_hal_gpio.o
 .debug_rnglists
                0x000005de      0x23c ./Drivers/STM32F4xx_HAL_Driver/Src/stm32f4xx_hal_i2c.o
 .debug_rnglists
                0x0000081a       0x19 ./Drivers/STM32F4xx_HAL_Driver/Src/stm32f4xx_hal_i2c_ex.o
 .debug_rnglists
                0x00000833      0x10a ./Drivers/STM32F4xx_HAL_Driver/Src/stm32f4xx_hal_ltdc.o
 .debug_rnglists
                0x0000093d       0x66 ./Drivers/STM32F4xx_HAL_Driver/Src/stm32f4xx_hal_rcc.o
 .debug_rnglists
                0x000009a3       0x43 ./Drivers/STM32F4xx_HAL_Driver/Src/stm32f4xx_hal_rcc_ex.o
 .debug_rnglists
                0x000009e6       0x63 ./Drivers/STM32F4xx_HAL_Driver/Src/stm32f4xx_hal_rng.o
 .debug_rnglists
                0x00000a49      0x16f ./Drivers/STM32F4xx_HAL_Driver/Src/stm32f4xx_hal_spi.o
 .debug_rnglists
                0x00000bb8      0x31a ./Drivers/STM32F4xx_HAL_Driver/Src/stm32f4xx_hal_tim.o
 .debug_rnglists
                0x00000ed2      0x125 ./Drivers/STM32F4xx_HAL_Driver/Src/stm32f4xx_hal_tim_ex.o

.debug_macro    0x00000000    0x270d3
 .debug_macro   0x00000000      0x330 ./Core/Src/ApplicationCode.o
 .debug_macro   0x00000330      0xab4 ./Core/Src/ApplicationCode.o
 .debug_macro   0x00000de4      0x2ad ./Core/Src/ApplicationCode.o
 .debug_macro   0x00001091       0x2e ./Core/Src/ApplicationCode.o
 .debug_macro   0x000010bf       0x28 ./Core/Src/ApplicationCode.o
 .debug_macro   0x000010e7       0x22 ./Core/Src/ApplicationCode.o
 .debug_macro   0x00001109       0x8e ./Core/Src/ApplicationCode.o
 .debug_macro   0x00001197       0x51 ./Core/Src/ApplicationCode.o
 .debug_macro   0x000011e8      0x103 ./Core/Src/ApplicationCode.o
 .debug_macro   0x000012eb       0x6a ./Core/Src/ApplicationCode.o
 .debug_macro   0x00001355      0x1df ./Core/Src/ApplicationCode.o
 .debug_macro   0x00001534       0x1c ./Core/Src/ApplicationCode.o
 .debug_macro   0x00001550       0x22 ./Core/Src/ApplicationCode.o
 .debug_macro   0x00001572       0xfb ./Core/Src/ApplicationCode.o
 .debug_macro   0x0000166d     0x1011 ./Core/Src/ApplicationCode.o
 .debug_macro   0x0000267e      0x11f ./Core/Src/ApplicationCode.o
 .debug_macro   0x0000279d    0x17fd8 ./Core/Src/ApplicationCode.o
 .debug_macro   0x0001a775       0x6d ./Core/Src/ApplicationCode.o
 .debug_macro   0x0001a7e2     0x3711 ./Core/Src/ApplicationCode.o
 .debug_macro   0x0001def3      0x189 ./Core/Src/ApplicationCode.o
 .debug_macro   0x0001e07c       0x5c ./Core/Src/ApplicationCode.o
 .debug_macro   0x0001e0d8      0xcba ./Core/Src/ApplicationCode.o
 .debug_macro   0x0001ed92      0x9e9 ./Core/Src/ApplicationCode.o
 .debug_macro   0x0001f77b      0x115 ./Core/Src/ApplicationCode.o
 .debug_macro   0x0001f890      0x156 ./Core/Src/ApplicationCode.o
 .debug_macro   0x0001f9e6       0xa5 ./Core/Src/ApplicationCode.o
 .debug_macro   0x0001fa8b      0x182 ./Core/Src/ApplicationCode.o
 .debug_macro   0x0001fc0d      0x287 ./Core/Src/ApplicationCode.o
 .debug_macro   0x0001fe94       0x5f ./Core/Src/ApplicationCode.o
 .debug_macro   0x0001fef3      0x236 ./Core/Src/ApplicationCode.o
 .debug_macro   0x00020129      0x132 ./Core/Src/ApplicationCode.o
 .debug_macro   0x0002025b      0x41d ./Core/Src/ApplicationCode.o
 .debug_macro   0x00020678       0x2e ./Core/Src/ApplicationCode.o
 .debug_macro   0x000206a6      0x1b5 ./Core/Src/ApplicationCode.o
 .debug_macro   0x0002085b       0x22 ./Core/Src/ApplicationCode.o
 .debug_macro   0x0002087d       0xd6 ./Core/Src/ApplicationCode.o
 .debug_macro   0x00020953      0x198 ./Core/Src/ApplicationCode.o
 .debug_macro   0x00020aeb       0xd6 ./Core/Src/ApplicationCode.o
 .debug_macro   0x00020bc1      0x127 ./Core/Src/ApplicationCode.o
 .debug_macro   0x00020ce8       0xe2 ./Core/Src/ApplicationCode.o
 .debug_macro   0x00020dca       0x89 ./Core/Src/ApplicationCode.o
 .debug_macro   0x00020e53       0xa4 ./Core/Src/ApplicationCode.o
 .debug_macro   0x00020ef7      0x225 ./Core/Src/ApplicationCode.o
 .debug_macro   0x0002111c      0x8ed ./Core/Src/ApplicationCode.o
 .debug_macro   0x00021a09       0x4d ./Core/Src/ApplicationCode.o
 .debug_macro   0x00021a56      0x134 ./Core/Src/ApplicationCode.o
 .debug_macro   0x00021b8a      0x332 ./Core/Src/ApplicationCode.o
 .debug_macro   0x00021ebc       0x22 ./Core/Src/ApplicationCode.o
 .debug_macro   0x00021ede      0x173 ./Core/Src/ApplicationCode.o
 .debug_macro   0x00022051       0x88 ./Core/Src/ApplicationCode.o
 .debug_macro   0x000220d9       0x28 ./Core/Src/ApplicationCode.o
 .debug_macro   0x00022101       0x61 ./Core/Src/ApplicationCode.o
 .debug_macro   0x00022162       0x2a ./Core/Src/ApplicationCode.o
 .debug_macro   0x0002218c       0x43 ./Core/Src/ApplicationCode.o
 .debug_macro   0x000221cf       0x34 ./Core/Src/ApplicationCode.o
 .debug_macro   0x00022203       0x16 ./Core/Src/ApplicationCode.o
 .debug_macro   0x00022219       0x35 ./Core/Src/ApplicationCode.o
 .debug_macro   0x0002224e      0x369 ./Core/Src/ApplicationCode.o
 .debug_macro   0x000225b7       0x10 ./Core/Src/ApplicationCode.o
 .debug_macro   0x000225c7       0x16 ./Core/Src/ApplicationCode.o