16:33:24 **** Incremental Build of configuration Debug for project ECEN2370_StarterCode_SP25 ****
make -j8 all 
arm-none-eabi-gcc "../Core/Src/Game.c" -mcpu=cortex-m4 -std=gnu11 -g3 -DDEBUG -DUSE_HAL_DRIVER -DSTM32F429xx -c -I../Core/Inc -I../Drivers/STM32F4xx_HAL_Driver/Inc -I../Drivers/STM32F4xx_HAL_Driver/Inc/Legacy -I../Drivers/CMSIS/Device/ST/STM32F4xx/Include -I../Drivers/CMSIS/Include -O0 -ffunction-sections -fdata-sections -Wall -fstack-usage -fcyclomatic-complexity -MMD -MP -MF"Core/Src/Game.d" -MT"Core/Src/Game.o" --specs=nano.specs -mfpu=fpv4-sp-d16 -mfloat-abi=hard -mthumb -o "Core/Src/Game.o"
../Core/Src/Game.c: In function 'One_player_game':
../Core/Src/Game.c:70:17: warning: implicit declaration of function 'printf' [-Wimplicit-function-declaration]
   70 |                 printf("ERROR: AI is attempting to drop a piece in a full column!!\n");
      |                 ^~~~~~
../Core/Src/Game.c:2:1: note: include '<stdio.h>' or provide a declaration of 'printf'
    1 | #include "Game.h"
  +++ |+#include <stdio.h>
    2 | 
../Core/Src/Game.c:70:17: warning: incompatible implicit declaration of built-in function 'printf' [-Wbuiltin-declaration-mismatch]
   70 |                 printf("ERROR: AI is attempting to drop a piece in a full column!!\n");
      |                 ^~~~~~
../Core/Src/Game.c:70:17: note: include '<stdio.h>' or provide a declaration of 'printf'
../Core/Src/Game.c:79:13: warning: incompatible implicit declaration of built-in function 'printf' [-Wbuiltin-declaration-mismatch]
   79 |             printf("Error in One_player_game()! Player number is not 1 or 2!");
      |             ^~~~~~
../Core/Src/Game.c:79:13: note: include '<stdio.h>' or provide a declaration of 'printf'
../Core/Src/Game.c: In function 'Print_insult_for_main_menu':
../Core/Src/Game.c:256:9: warning: incompatible implicit declaration of built-in function 'printf' [-Wbuiltin-declaration-mismatch]
  256 |         printf("You are a loser!");
      |         ^~~~~~
../Core/Src/Game.c:256:9: note: include '<stdio.h>' or provide a declaration of 'printf'
../Core/Src/Game.c:258:9: warning: incompatible implicit declaration of built-in function 'printf' [-Wbuiltin-declaration-mismatch]
  258 |         printf("You are a nerd!");
      |         ^~~~~~
../Core/Src/Game.c:258:9: note: include '<stdio.h>' or provide a declaration of 'printf'
../Core/Src/Game.c:260:9: warning: incompatible implicit declaration of built-in function 'printf' [-Wbuiltin-declaration-mismatch]
  260 |         printf("You are a dork!");
      |         ^~~~~~
../Core/Src/Game.c:260:9: note: include '<stdio.h>' or provide a declaration of 'printf'
../Core/Src/Game.c:262:9: warning: incompatible implicit declaration of built-in function 'printf' [-Wbuiltin-declaration-mismatch]
  262 |         printf("You are a fool!");
      |         ^~~~~~
../Core/Src/Game.c:262:9: note: include '<stdio.h>' or provide a declaration of 'printf'
../Core/Src/Game.c:264:9: warning: incompatible implicit declaration of built-in function 'printf' [-Wbuiltin-declaration-mismatch]
  264 |         printf("You are a clown!");
      |         ^~~~~~
../Core/Src/Game.c:264:9: note: include '<stdio.h>' or provide a declaration of 'printf'
../Core/Src/Game.c:266:9: warning: incompatible implicit declaration of built-in function 'printf' [-Wbuiltin-declaration-mismatch]
  266 |         printf("RNG NOT WORKING CORRECTLY IN Game.c, Print_insult_for_main_menu()");
      |         ^~~~~~
../Core/Src/Game.c:266:9: note: include '<stdio.h>' or provide a declaration of 'printf'
../Core/Src/Game.c: In function 'One_player_game':
../Core/Src/Game.c:90:1: warning: control reaches end of non-void function [-Wreturn-type]
   90 | }
      | ^
../Core/Src/Game.c: In function 'AI_col':
../Core/Src/Game.c:673:1: warning: control reaches end of non-void function [-Wreturn-type]
  673 | }
      | ^
arm-none-eabi-gcc -o "ECEN2370_StarterCode_SP25.elf" @"objects.list"   -mcpu=cortex-m4 -T"C:\Users\avepe\Documents\VScode Stuff\Ecen_2370_final_project\Final-project-Embedded-ECEN-2370-\ECEN2370_StarterCode_SP25\STM32F429ZITX_FLASH.ld" --specs=nosys.specs -Wl,-Map="ECEN2370_StarterCode_SP25.map" -Wl,--gc-sections -static --specs=nano.specs -mfpu=fpv4-sp-d16 -mfloat-abi=hard -mthumb -Wl,--start-group -lc -lm -Wl,--end-group
Finished building target: ECEN2370_StarterCode_SP25.elf
 
arm-none-eabi-size  ECEN2370_StarterCode_SP25.elf 
arm-none-eabi-objdump -h -S ECEN2370_StarterCode_SP25.elf  > "ECEN2370_StarterCode_SP25.list"
   text	   data	    bss	    dec	    hex	filename
  39748	    120	 156408	 196276	  2feb4	ECEN2370_StarterCode_SP25.elf
Finished building: default.size.stdout
 
Finished building: ECEN2370_StarterCode_SP25.list
 
16:33:31 **** Incremental Build of configuration Debug for project ECEN2370_StarterCode_SP25 ****
make -j8 all 
arm-none-eabi-size  ECEN2370_StarterCode_SP25.elf 
   text	   data	    bss	    dec	    hex	filename
  39748	    120	 156408	 196276	  2feb4	ECEN2370_StarterCode_SP25.elf
Finished building: default.size.stdout
 
